Component: ARM Compiler 5.06 update 6 (build 750) Tool: armlink [4d35ed]

==============================================================================

Section Cross References

    startup_stm32f030x8.o(RESET) refers to startup_stm32f030x8.o(STACK) for __initial_sp
    startup_stm32f030x8.o(RESET) refers to startup_stm32f030x8.o(.text) for Reset_Handler
    startup_stm32f030x8.o(RESET) refers to stm32f0xx_it.o(i.NMI_Handler) for NMI_Handler
    startup_stm32f030x8.o(RESET) refers to stm32f0xx_it.o(i.HardFault_Handler) for HardFault_Handler
    startup_stm32f030x8.o(RESET) refers to stm32f0xx_it.o(i.SVC_Handler) for SVC_Handler
    startup_stm32f030x8.o(RESET) refers to stm32f0xx_it.o(i.PendSV_Handler) for PendSV_Handler
    startup_stm32f030x8.o(RESET) refers to stm32f0xx_it.o(i.SysTick_Handler) for SysTick_Handler
    startup_stm32f030x8.o(RESET) refers to stm32f0xx_it.o(i.EXTI4_15_IRQHandler) for EXTI4_15_IRQHandler
    startup_stm32f030x8.o(RESET) refers to stm32f0xx_it.o(i.TIM3_IRQHandler) for TIM3_IRQHandler
    startup_stm32f030x8.o(RESET) refers to stm32f0xx_it.o(i.USART1_IRQHandler) for USART1_IRQHandler
    startup_stm32f030x8.o(.text) refers to system_stm32f0xx.o(i.SystemInit) for SystemInit
    startup_stm32f030x8.o(.text) refers to entry.o(.ARM.Collect$$$$00000000) for __main
    stm32f0xx_gpio.o(i.GPIO_DeInit) refers to stm32f0xx_rcc.o(i.RCC_AHBPeriphResetCmd) for RCC_AHBPeriphResetCmd
    stm32f0xx_rcc.o(i.RCC_GetClocksFreq) refers to uidiv.o(.text) for __aeabi_uidivmod
    stm32f0xx_rcc.o(i.RCC_GetClocksFreq) refers to stm32f0xx_rcc.o(.data) for APBAHBPrescTable
    stm32f0xx_rcc.o(i.RCC_WaitForHSEStartUp) refers to stm32f0xx_rcc.o(i.RCC_GetFlagStatus) for RCC_GetFlagStatus
    stm32f0xx_tim.o(i.TIM_DeInit) refers to stm32f0xx_rcc.o(i.RCC_APB2PeriphResetCmd) for RCC_APB2PeriphResetCmd
    stm32f0xx_tim.o(i.TIM_DeInit) refers to stm32f0xx_rcc.o(i.RCC_APB1PeriphResetCmd) for RCC_APB1PeriphResetCmd
    stm32f0xx_tim.o(i.TIM_ETRClockMode1Config) refers to stm32f0xx_tim.o(i.TIM_ETRConfig) for TIM_ETRConfig
    stm32f0xx_tim.o(i.TIM_ETRClockMode2Config) refers to stm32f0xx_tim.o(i.TIM_ETRConfig) for TIM_ETRConfig
    stm32f0xx_tim.o(i.TIM_ICInit) refers to stm32f0xx_tim.o(i.TI1_Config) for TI1_Config
    stm32f0xx_tim.o(i.TIM_ICInit) refers to stm32f0xx_tim.o(i.TIM_SetIC1Prescaler) for TIM_SetIC1Prescaler
    stm32f0xx_tim.o(i.TIM_ICInit) refers to stm32f0xx_tim.o(i.TI2_Config) for TI2_Config
    stm32f0xx_tim.o(i.TIM_ICInit) refers to stm32f0xx_tim.o(i.TIM_SetIC2Prescaler) for TIM_SetIC2Prescaler
    stm32f0xx_tim.o(i.TIM_ICInit) refers to stm32f0xx_tim.o(i.TI3_Config) for TI3_Config
    stm32f0xx_tim.o(i.TIM_ICInit) refers to stm32f0xx_tim.o(i.TIM_SetIC3Prescaler) for TIM_SetIC3Prescaler
    stm32f0xx_tim.o(i.TIM_ICInit) refers to stm32f0xx_tim.o(i.TI4_Config) for TI4_Config
    stm32f0xx_tim.o(i.TIM_ICInit) refers to stm32f0xx_tim.o(i.TIM_SetIC4Prescaler) for TIM_SetIC4Prescaler
    stm32f0xx_tim.o(i.TIM_ITRxExternalClockConfig) refers to stm32f0xx_tim.o(i.TIM_SelectInputTrigger) for TIM_SelectInputTrigger
    stm32f0xx_tim.o(i.TIM_PWMIConfig) refers to stm32f0xx_tim.o(i.TI1_Config) for TI1_Config
    stm32f0xx_tim.o(i.TIM_PWMIConfig) refers to stm32f0xx_tim.o(i.TIM_SetIC1Prescaler) for TIM_SetIC1Prescaler
    stm32f0xx_tim.o(i.TIM_PWMIConfig) refers to stm32f0xx_tim.o(i.TI2_Config) for TI2_Config
    stm32f0xx_tim.o(i.TIM_PWMIConfig) refers to stm32f0xx_tim.o(i.TIM_SetIC2Prescaler) for TIM_SetIC2Prescaler
    stm32f0xx_tim.o(i.TIM_TIxExternalClockConfig) refers to stm32f0xx_tim.o(i.TI2_Config) for TI2_Config
    stm32f0xx_tim.o(i.TIM_TIxExternalClockConfig) refers to stm32f0xx_tim.o(i.TI1_Config) for TI1_Config
    stm32f0xx_tim.o(i.TIM_TIxExternalClockConfig) refers to stm32f0xx_tim.o(i.TIM_SelectInputTrigger) for TIM_SelectInputTrigger
    stm32f0xx_adc.o(i.ADC_DeInit) refers to stm32f0xx_rcc.o(i.RCC_APB2PeriphResetCmd) for RCC_APB2PeriphResetCmd
    stm32f0xx_usart.o(i.USART_DeInit) refers to stm32f0xx_rcc.o(i.RCC_APB2PeriphResetCmd) for RCC_APB2PeriphResetCmd
    stm32f0xx_usart.o(i.USART_DeInit) refers to stm32f0xx_rcc.o(i.RCC_APB1PeriphResetCmd) for RCC_APB1PeriphResetCmd
    stm32f0xx_usart.o(i.USART_Init) refers to stm32f0xx_rcc.o(i.RCC_GetClocksFreq) for RCC_GetClocksFreq
    stm32f0xx_usart.o(i.USART_Init) refers to uidiv.o(.text) for __aeabi_uidivmod
    stm32f0xx_pwr.o(i.PWR_DeInit) refers to stm32f0xx_rcc.o(i.RCC_APB1PeriphResetCmd) for RCC_APB1PeriphResetCmd
    stm32f0xx_flash.o(i.FLASH_EraseAllPages) refers to stm32f0xx_flash.o(i.FLASH_WaitForLastOperation) for FLASH_WaitForLastOperation
    stm32f0xx_flash.o(i.FLASH_ErasePage) refers to stm32f0xx_flash.o(i.FLASH_WaitForLastOperation) for FLASH_WaitForLastOperation
    stm32f0xx_flash.o(i.FLASH_OB_BOOTConfig) refers to stm32f0xx_flash.o(i.FLASH_WaitForLastOperation) for FLASH_WaitForLastOperation
[...]
    ../fplib/microlib/fpfix.c                0x00000000   Number         0  dfixi.o ABSOLUTE
    ../fplib/microlib/fpfix.c                0x00000000   Number         0  ffixi.o ABSOLUTE
    ../fplib/microlib/fpfix.c                0x00000000   Number         0  dfixul.o ABSOLUTE
    ../fplib/microlib/fpflt.c                0x00000000   Number         0  fflti.o ABSOLUTE
    ../fplib/microlib/fpflt.c                0x00000000   Number         0  dflti.o ABSOLUTE
    ../fplib/microlib/fpmul.c                0x00000000   Number         0  dmul.o ABSOLUTE
    ../fplib/microlib/fpscalb.c              0x00000000   Number         0  dscalb.o ABSOLUTE
    ../fplib/microlib/fpsqrt.c               0x00000000   Number         0  dsqrt.o ABSOLUTE
    ../mathlib/atan.c                        0x00000000   Number         0  atan_x.o ABSOLUTE
    ../mathlib/atan.c                        0x00000000   Number         0  atan.o ABSOLUTE
    ../mathlib/dunder.c                      0x00000000   Number         0  dunder.o ABSOLUTE
    ../mathlib/fpclassify.c                  0x00000000   Number         0  fpclassify.o ABSOLUTE
    ../mathlib/poly.c                        0x00000000   Number         0  poly.o ABSOLUTE
    ../mathlib/sqrt.c                        0x00000000   Number         0  sqrt.o ABSOLUTE
    ../mathlib/sqrt.c                        0x00000000   Number         0  sqrt_x.o ABSOLUTE
    ..\Libraries\CMSIS\Device\ST\STM32F0xx\Source\Templates\arm\startup_stm32f030x8.s 0x00000000   Number         0  startup_stm32f030x8.o ABSOLUTE
    ..\Libraries\FWlib\src\stm32f0xx_adc.c   0x00000000   Number         0  stm32f0xx_adc.o ABSOLUTE
    ..\Libraries\FWlib\src\stm32f0xx_exti.c  0x00000000   Number         0  stm32f0xx_exti.o ABSOLUTE
    ..\Libraries\FWlib\src\stm32f0xx_flash.c 0x00000000   Number         0  stm32f0xx_flash.o ABSOLUTE
    ..\Libraries\FWlib\src\stm32f0xx_gpio.c  0x00000000   Number         0  stm32f0xx_gpio.o ABSOLUTE
    ..\Libraries\FWlib\src\stm32f0xx_misc.c  0x00000000   Number         0  stm32f0xx_misc.o ABSOLUTE
    ..\Libraries\FWlib\src\stm32f0xx_pwr.c   0x00000000   Number         0  stm32f0xx_pwr.o ABSOLUTE
    ..\Libraries\FWlib\src\stm32f0xx_rcc.c   0x00000000   Number         0  stm32f0xx_rcc.o ABSOLUTE
    ..\Libraries\FWlib\src\stm32f0xx_syscfg.c 0x00000000   Number         0  stm32f0xx_syscfg.o ABSOLUTE
    ..\Libraries\FWlib\src\stm32f0xx_tim.c   0x00000000   Number         0  stm32f0xx_tim.o ABSOLUTE
    ..\Libraries\FWlib\src\stm32f0xx_usart.c 0x00000000   Number         0  stm32f0xx_usart.o ABSOLUTE
    ..\User\ADC.c                            0x00000000   Number         0  adc.o ABSOLUTE
    ..\User\Charging.c                       0x00000000   Number         0  charging.o ABSOLUTE
    ..\User\Flash.c                          0x00000000   Number         0  flash.o ABSOLUTE
    ..\User\GPIO.c                           0x00000000   Number         0  gpio.o ABSOLUTE
    ..\User\I2C.c                            0x00000000   Number         0  i2c.o ABSOLUTE
    ..\User\LD.c                             0x00000000   Number         0  ld.o ABSOLUTE
    ..\User\Sensor_I2C.c                     0x00000000   Number         0  sensor_i2c.o ABSOLUTE
    ..\User\Task.c                           0x00000000   Number         0  task.o ABSOLUTE
    ..\User\common.c                         0x00000000   Number         0  common.o ABSOLUTE
    ..\User\key.c                            0x00000000   Number         0  key.o ABSOLUTE
    ..\User\main.c                           0x00000000   Number         0  main.o ABSOLUTE
    ..\User\stm32f0xx_it.c                   0x00000000   Number         0  stm32f0xx_it.o ABSOLUTE
    ..\User\system_stm32f0xx.c               0x00000000   Number         0  system_stm32f0xx.o ABSOLUTE
    ..\User\time.c                           0x00000000   Number         0  time.o ABSOLUTE
    ..\User\usart.c                          0x00000000   Number         0  usart.o ABSOLUTE
    ..\\Libraries\\FWlib\\src\\stm32f0xx_adc.c 0x00000000   Number         0  stm32f0xx_adc.o ABSOLUTE
    ..\\Libraries\\FWlib\\src\\stm32f0xx_exti.c 0x00000000   Number         0  stm32f0xx_exti.o ABSOLUTE
    ..\\Libraries\\FWlib\\src\\stm32f0xx_flash.c 0x00000000   Number         0  stm32f0xx_flash.o ABSOLUTE
    ..\\Libraries\\FWlib\\src\\stm32f0xx_gpio.c 0x00000000   Number         0  stm32f0xx_gpio.o ABSOLUTE
    ..\\Libraries\\FWlib\\src\\stm32f0xx_misc.c 0x00000000   Number         0  stm32f0xx_misc.o ABSOLUTE
    ..\\Libraries\\FWlib\\src\\stm32f0xx_pwr.c 0x00000000   Number         0  stm32f0xx_pwr.o ABSOLUTE
    ..\\Libraries\\FWlib\\src\\stm32f0xx_rcc.c 0x00000000   Number         0  stm32f0xx_rcc.o ABSOLUTE
    ..\\Libraries\\FWlib\\src\\stm32f0xx_syscfg.c 0x00000000   Number         0  stm32f0xx_syscfg.o ABSOLUTE
    ..\\Libraries\\FWlib\\src\\stm32f0xx_tim.c 0x00000000   Number         0  stm32f0xx_tim.o ABSOLUTE
    ..\\Libraries\\FWlib\\src\\stm32f0xx_usart.c 0x00000000   Number         0  stm32f0xx_usart.o ABSOLUTE
    ..\\User\\ADC.c                          0x00000000   Number         0  adc.o ABSOLUTE
    ..\\User\\Charging.c                     0x00000000   Number         0  charging.o ABSOLUTE
    ..\\User\\Flash.c                        0x00000000   Number         0  flash.o ABSOLUTE
    ..\\User\\GPIO.c                         0x00000000   Number         0  gpio.o ABSOLUTE
    ..\\User\\I2C.c                          0x00000000   Number         0  i2c.o ABSOLUTE
    ..\\User\\LD.c                           0x00000000   Number         0  ld.o ABSOLUTE
    ..\\User\\Sensor_I2C.c                   0x00000000   Number         0  sensor_i2c.o ABSOLUTE
    ..\\User\\Task.c                         0x00000000   Number         0  task.o ABSOLUTE
    ..\\User\\common.c                       0x00000000   Number         0  common.o ABSOLUTE
    ..\\User\\key.c                          0x00000000   Number         0  key.o ABSOLUTE
    ..\\User\\main.c                         0x00000000   Number         0  main.o ABSOLUTE
    ..\\User\\stm32f0xx_it.c                 0x00000000   Number         0  stm32f0xx_it.o ABSOLUTE
    ..\\User\\system_stm32f0xx.c             0x00000000   Number         0  system_stm32f0xx.o ABSOLUTE
    ..\\User\\time.c                         0x00000000   Number         0  time.o ABSOLUTE
    ..\\User\\usart.c                        0x00000000   Number         0  usart.o ABSOLUTE
    cdcmple.s                                0x00000000   Number         0  cdcmple.o ABSOLUTE
    cdrcmple.s                               0x00000000   Number         0  cdrcmple.o ABSOLUTE
    dc.s                                     0x00000000   Number         0  dc.o ABSOLUTE
    handlers.s                               0x00000000   Number         0  handlers.o ABSOLUTE
    init.s                                   0x00000000   Number         0  init.o ABSOLUTE
    RESET                                    0x08000000   Section      192  startup_stm32f030x8.o(RESET)
    .ARM.Collect$$$$00000000                 0x080000c0   Section        0  entry.o(.ARM.Collect$$$$00000000)
    .ARM.Collect$$$$00000001                 0x080000c0   Section        4  entry2.o(.ARM.Collect$$$$00000001)
    .ARM.Collect$$$$00000004                 0x080000c4   Section        4  entry5.o(.ARM.Collect$$$$00000004)
    .ARM.Collect$$$$00000008                 0x080000c8   Section        0  entry7b.o(.ARM.Collect$$$$00000008)
    .ARM.Collect$$$$0000000A                 0x080000c8   Section        0  entry8b.o(.ARM.Collect$$$$0000000A)
    .ARM.Collect$$$$0000000B                 0x080000c8   Section        8  entry9a.o(.ARM.Collect$$$$0000000B)
    .ARM.Collect$$$$0000000D                 0x080000d0   Section        0  entry10a.o(.ARM.Collect$$$$0000000D)
    .ARM.Collect$$$$0000000F                 0x080000d0   Section        0  entry11a.o(.ARM.Collect$$$$0000000F)
    .ARM.Collect$$$$00002712                 0x080000d0   Section        4  entry2.o(.ARM.Collect$$$$00002712)
    __lit__00000000                          0x080000d0   Data           4  entry2.o(.ARM.Collect$$$$00002712)
    .text                                    0x080000d4   Section       28  startup_stm32f030x8.o(.text)
    .text                                    0x080000f0   Section        0  uidiv.o(.text)
    .text                                    0x0800011c   Section        0  idiv.o(.text)
    .text                                    0x08000144   Section        0  fdiv.o(.text)
    .text                                    0x080001c0   Section        0  dmul.o(.text)
    .text                                    0x08000290   Section        0  ddiv.o(.text)
    .text                                    0x08000380   Section        0  fflti.o(.text)
    .text                                    0x08000398   Section        0  dflti.o(.text)
    .text                                    0x080003c0   Section        0  ffixi.o(.text)
    .text                                    0x080003f4   Section        0  dfixi.o(.text)
    .text                                    0x0800043c   Section        0  f2d.o(.text)
    .text                                    0x08000464   Section        0  d2f.o(.text)
    .text                                    0x0800049c   Section        0  uldiv.o(.text)
    .text                                    0x080004fc   Section        0  llushr.o(.text)
    .text                                    0x0800051e   Section        0  iusefp.o(.text)
    .text                                    0x0800051e   Section        0  fepilogue.o(.text)
    .text                                    0x080005a0   Section        0  depilogue.o(.text)
    .text                                    0x08000660   Section        0  dadd.o(.text)
    .text                                    0x080007c4   Section        0  dscalb.o(.text)
    .text                                    0x080007f0   Section        0  dsqrt.o(.text)
    .text                                    0x08000894   Section        0  dfixul.o(.text)
    .text                                    0x080008d4   Section       40  cdrcmple.o(.text)
    .text                                    0x080008fc   Section       36  init.o(.text)
    .text                                    0x08000920   Section        0  llshl.o(.text)
    .text                                    0x08000940   Section        0  llsshr.o(.text)
    i.ADC_ChannelConfig                      0x08000966   Section        0  stm32f0xx_adc.o(i.ADC_ChannelConfig)
    i.ADC_Cmd                                0x0800097a   Section        0  stm32f0xx_adc.o(i.ADC_Cmd)
    i.ADC_Configuration                      0x08000994   Section        0  adc.o(i.ADC_Configuration)
    i.ADC_DeInit                             0x080009fc   Section        0  stm32f0xx_adc.o(i.ADC_DeInit)
    i.ADC_GPIO_INIT                          0x08000a1c   Section        0  adc.o(i.ADC_GPIO_INIT)
    i.ADC_GetCalibrationFactor               0x08000a3a   Section        0  stm32f0xx_adc.o(i.ADC_GetCalibrationFactor)
    i.ADC_GetConversionValue                 0x08000a76   Section        0  stm32f0xx_adc.o(i.ADC_GetConversionValue)
    i.ADC_GetFlagStatus                      0x08000a7e   Section        0  stm32f0xx_adc.o(i.ADC_GetFlagStatus)
    i.ADC_Init                               0x08000ab0   Section        0  stm32f0xx_adc.o(i.ADC_Init)
    i.ADC_StartOfConversion                  0x08000adc   Section        0  stm32f0xx_adc.o(i.ADC_StartOfConversion)
    i.ADC_StructInit                         0x08000ae6   Section        0  stm32f0xx_adc.o(i.ADC_StructInit)
    i.Accelerometer_Sleep                    0x08000af6   Section        0  sensor_i2c.o(i.Accelerometer_Sleep)
    i.Accelerometer_init                     0x08000b02   Section        0  sensor_i2c.o(i.Accelerometer_init)
    i.BOARD_Debug_Init                       0x08000b2c   Section        0  usart.o(i.BOARD_Debug_Init)
    i.BatVfilter                             0x08000b8c   Section        0  adc.o(i.BatVfilter)
    i.Bat_ADC                                0x08000bd8   Section        0  task.o(i.Bat_ADC)
    i.DebugCommandProcessing                 0x08000bfc   Section        0  usart.o(i.DebugCommandProcessing)
    i.Delay_Init                             0x08000da8   Section        0  common.o(i.Delay_Init)
    i.DisChargeStepSure                      0x08000dd0   Section        0  charging.o(i.DisChargeStepSure)
    i.DischargeVlevelTest                    0x08000e1c   Section        0  charging.o(i.DischargeVlevelTest)
    i.DisplayProcess                         0x08000e68   Section        0  charging.o(i.DisplayProcess)
    i.EXIT_Init                              0x080010ec   Section        0  gpio.o(i.EXIT_Init)
    i.EXTI4_15_IRQHandler                    0x0800112c   Section        0  stm32f0xx_it.o(i.EXTI4_15_IRQHandler)
    i.EXTI_ClearITPendingBit                 0x08001144   Section        0  stm32f0xx_exti.o(i.EXTI_ClearITPendingBit)
    i.EXTI_DeInit                            0x08001150   Section        0  stm32f0xx_exti.o(i.EXTI_DeInit)
    i.EXTI_GetITStatus                       0x08001170   Section        0  stm32f0xx_exti.o(i.EXTI_GetITStatus)
    i.EXTI_Init                              0x0800118c   Section        0  stm32f0xx_exti.o(i.EXTI_Init)
    i.FLASH_ClearFlag                        0x08001214   Section        0  stm32f0xx_flash.o(i.FLASH_ClearFlag)
    i.FLASH_ErasePage                        0x08001220   Section        0  stm32f0xx_flash.o(i.FLASH_ErasePage)
    i.FLASH_GetStatus                        0x0800126c   Section        0  stm32f0xx_flash.o(i.FLASH_GetStatus)
    i.FLASH_Lock                             0x080012a8   Section        0  stm32f0xx_flash.o(i.FLASH_Lock)
    i.FLASH_ProgramWord                      0x080012bc   Section        0  stm32f0xx_flash.o(i.FLASH_ProgramWord)
    i.FLASH_Unlock                           0x08001328   Section        0  stm32f0xx_flash.o(i.FLASH_Unlock)
    i.FLASH_WaitForLastOperation             0x0800134c   Section        0  stm32f0xx_flash.o(i.FLASH_WaitForLastOperation)
    i.GPIO_Configuration                     0x08001374   Section        0  gpio.o(i.GPIO_Configuration)
    i.GPIO_Init                              0x08001468   Section        0  stm32f0xx_gpio.o(i.GPIO_Init)
    i.GPIO_PinAFConfig                       0x080014f8   Section        0  stm32f0xx_gpio.o(i.GPIO_PinAFConfig)
    i.GPIO_ReadInputDataBit                  0x0800153c   Section        0  stm32f0xx_gpio.o(i.GPIO_ReadInputDataBit)
    i.GPIO_ResetBits                         0x08001550   Section        0  stm32f0xx_gpio.o(i.GPIO_ResetBits)
    i.GPIO_SetBits                           0x08001554   Section        0  stm32f0xx_gpio.o(i.GPIO_SetBits)
    i.Get_Adc                                0x08001558   Section        0  adc.o(i.Get_Adc)
    i.HardFault_Handler                      0x08001588   Section        0  stm32f0xx_it.o(i.HardFault_Handler)
    i.Init                                   0x0800158c   Section        0  task.o(i.Init)
    i.Key_Status                             0x080015b4   Section        0  task.o(i.Key_Status)
    i.KeysScan                               0x0800168c   Section        0  key.o(i.KeysScan)
    i.LD_PWM                                 0x08001768   Section        0  ld.o(i.LD_PWM)
    i.LED_HV_PWM_ON                          0x08001d74   Section        0  time.o(i.LED_HV_PWM_ON)
    i.LED_H_PWM_ON                           0x08001d9c   Section        0  time.o(i.LED_H_PWM_ON)
    i.LED_Model_Breathe                      0x08001dc4   Section        0  task.o(i.LED_Model_Breathe)
    i.LED_PWM_OFF                            0x08001eb8   Section        0  time.o(i.LED_PWM_OFF)
    i.LED_V_PWM_ON                           0x08001ee0   Section        0  time.o(i.LED_V_PWM_ON)
    i.Limit                                  0x08001f08   Section        0  sensor_i2c.o(i.Limit)
    i.Model_Stop                             0x08001f5c   Section        0  task.o(i.Model_Stop)
    i.NMI_Handler                            0x08001ff8   Section        0  stm32f0xx_it.o(i.NMI_Handler)
    i.NVIC_Init                              0x08001ffc   Section        0  stm32f0xx_misc.o(i.NVIC_Init)
    i.NVIC_TIME_Configuration                0x0800206c   Section        0  time.o(i.NVIC_TIME_Configuration)
    i.PWM_GPIO_INIT                          0x08002082   Section        0  time.o(i.PWM_GPIO_INIT)
    i.PWM_LED_GPIO_INIT                      0x080020c4   Section        0  time.o(i.PWM_LED_GPIO_INIT)
    i.PWR_EnterSTOPMode                      0x0800210c   Section        0  stm32f0xx_pwr.o(i.PWR_EnterSTOPMode)
    i.PendSV_Handler                         0x08002150   Section        0  stm32f0xx_it.o(i.PendSV_Handler)
    i.Pflash_Init                            0x08002154   Section        0  flash.o(i.Pflash_Init)
    i.RCC_ADCCLKConfig                       0x080021a8   Section        0  stm32f0xx_rcc.o(i.RCC_ADCCLKConfig)
    i.RCC_AHBPeriphClockCmd                  0x080021e0   Section        0  stm32f0xx_rcc.o(i.RCC_AHBPeriphClockCmd)
    i.RCC_APB1PeriphClockCmd                 0x08002200   Section        0  stm32f0xx_rcc.o(i.RCC_APB1PeriphClockCmd)
    i.RCC_APB1PeriphResetCmd                 0x08002220   Section        0  stm32f0xx_rcc.o(i.RCC_APB1PeriphResetCmd)
    i.RCC_APB2PeriphClockCmd                 0x08002240   Section        0  stm32f0xx_rcc.o(i.RCC_APB2PeriphClockCmd)
    i.RCC_APB2PeriphResetCmd                 0x08002260   Section        0  stm32f0xx_rcc.o(i.RCC_APB2PeriphResetCmd)
    i.RCC_GetClocksFreq                      0x08002280   Section        0  stm32f0xx_rcc.o(i.RCC_GetClocksFreq)
    i.RED_TIM3_PWM_NUM                       0x080023ec   Section        0  time.o(i.RED_TIM3_PWM_NUM)
    i.SET_TIM3_PWM_NUM                       0x08002418   Section        0  time.o(i.SET_TIM3_PWM_NUM)
    i.SVC_Handler                            0x0800243c   Section        0  stm32f0xx_it.o(i.SVC_Handler)
    i.SYSCFG_EXTILineConfig                  0x08002440   Section        0  stm32f0xx_syscfg.o(i.SYSCFG_EXTILineConfig)
    i.SaveInformation                        0x08002480   Section        0  flash.o(i.SaveInformation)
    i.Sensor_I2CDelay                        0x080024a8   Section        0  sensor_i2c.o(i.Sensor_I2CDelay)
    i.Sensor_I2CReadByte                     0x080024b4   Section        0  sensor_i2c.o(i.Sensor_I2CReadByte)
    i.Sensor_I2CSendAck                      0x08002518   Section        0  sensor_i2c.o(i.Sensor_I2CSendAck)
    i.Sensor_I2CStart                        0x0800256c   Section        0  sensor_i2c.o(i.Sensor_I2CStart)
    i.Sensor_I2CStop                         0x080025ac   Section        0  sensor_i2c.o(i.Sensor_I2CStop)
    i.Sensor_I2CWaitAck                      0x080025ec   Section        0  sensor_i2c.o(i.Sensor_I2CWaitAck)
    i.Sensor_I2CWriteByte                    0x0800264a   Section        0  sensor_i2c.o(i.Sensor_I2CWriteByte)
    i.Sensor_I2cInit                         0x080026b6   Section        0  sensor_i2c.o(i.Sensor_I2cInit)
    i.Sensor_ReadAccel                       0x080026dc   Section        0  sensor_i2c.o(i.Sensor_ReadAccel)
    i.Sensor_ReadReg                         0x080029b0   Section        0  sensor_i2c.o(i.Sensor_ReadReg)
    i.Sensor_SCLOut                          0x080029ee   Section        0  sensor_i2c.o(i.Sensor_SCLOut)
    i.Sensor_SDAIn                           0x08002a10   Section        0  sensor_i2c.o(i.Sensor_SDAIn)
    i.Sensor_SDAOut                          0x08002a30   Section        0  sensor_i2c.o(i.Sensor_SDAOut)
    i.Sensor_WriteReg                        0x08002a52   Section        0  sensor_i2c.o(i.Sensor_WriteReg)
    i.SetAngelZero                           0x08002a80   Section        0  sensor_i2c.o(i.SetAngelZero)
    i.SetSysClock                            0x08002bec   Section        0  system_stm32f0xx.o(i.SetSysClock)
    SetSysClock                              0x08002bed   Thumb Code   126  system_stm32f0xx.o(i.SetSysClock)
    i.SetTimerTask                           0x08002c74   Section        0  task.o(i.SetTimerTask)
    i.Sleep_IO_Init                          0x08002c84   Section        0  gpio.o(i.Sleep_IO_Init)
    i.Sleep_Mode                             0x08002cec   Section        0  gpio.o(i.Sleep_Mode)
    i.Switch_Status                          0x08002d78   Section        0  task.o(i.Switch_Status)
    i.SysTick_Handler                        0x08002f58   Section        0  stm32f0xx_it.o(i.SysTick_Handler)
    i.SystemInit                             0x08002f5c   Section        0  system_stm32f0xx.o(i.SystemInit)
    i.TIM3_IRQHandler                        0x08002fd8   Section        0  stm32f0xx_it.o(i.TIM3_IRQHandler)
    i.TIME_Configuration                     0x08003018   Section        0  time.o(i.TIME_Configuration)
    i.TIME_PWM_Configuration                 0x080030a8   Section        0  time.o(i.TIME_PWM_Configuration)
    i.TIM_CCxCmd                             0x08003124   Section        0  stm32f0xx_tim.o(i.TIM_CCxCmd)
    i.TIM_CCxNCmd                            0x08003142   Section        0  stm32f0xx_tim.o(i.TIM_CCxNCmd)
    i.TIM_ClearFlag                          0x08003160   Section        0  stm32f0xx_tim.o(i.TIM_ClearFlag)
    i.TIM_Cmd                                0x08003168   Section        0  stm32f0xx_tim.o(i.TIM_Cmd)
    i.TIM_CtrlPWMOutputs                     0x08003184   Section        0  stm32f0xx_tim.o(i.TIM_CtrlPWMOutputs)
    i.TIM_DeInit                             0x080031a8   Section        0  stm32f0xx_tim.o(i.TIM_DeInit)
    i.TIM_GetFlagStatus                      0x08003290   Section        0  stm32f0xx_tim.o(i.TIM_GetFlagStatus)
    i.TIM_ITConfig                           0x080032a4   Section        0  stm32f0xx_tim.o(i.TIM_ITConfig)
    i.TIM_OC1Init                            0x080032b8   Section        0  stm32f0xx_tim.o(i.TIM_OC1Init)
    i.TIM_OC1NPolarityConfig                 0x0800334c   Section        0  stm32f0xx_tim.o(i.TIM_OC1NPolarityConfig)
    i.TIM_OC2Init                            0x08003364   Section        0  stm32f0xx_tim.o(i.TIM_OC2Init)
    i.TIM_OC3Init                            0x08003410   Section        0  stm32f0xx_tim.o(i.TIM_OC3Init)
    i.TIM_SetCompare1                        0x080034a8   Section        0  stm32f0xx_tim.o(i.TIM_SetCompare1)
    i.TIM_SetCompare2                        0x080034ac   Section        0  stm32f0xx_tim.o(i.TIM_SetCompare2)
    i.TIM_SetCompare3                        0x080034b0   Section        0  stm32f0xx_tim.o(i.TIM_SetCompare3)
    i.TIM_TimeBaseInit                       0x080034b4   Section        0  stm32f0xx_tim.o(i.TIM_TimeBaseInit)
    i.TasksDispatch                          0x08003530   Section        0  task.o(i.TasksDispatch)
    i.Tasks_Load                             0x0800354c   Section        0  task.o(i.Tasks_Load)
    i.USART1_IRQHandler                      0x080035b0   Section        0  stm32f0xx_it.o(i.USART1_IRQHandler)
    i.USARTSendData                          0x08003618   Section        0  usart.o(i.USARTSendData)
    i.USART_Cmd                              0x08003650   Section        0  stm32f0xx_usart.o(i.USART_Cmd)
    i.USART_GPIO_INIT                        0x08003668   Section        0  usart.o(i.USART_GPIO_INIT)
    i.USART_GetFlagStatus                    0x080036a8   Section        0  stm32f0xx_usart.o(i.USART_GetFlagStatus)
    i.USART_GetITStatus                      0x080036bc   Section        0  stm32f0xx_usart.o(i.USART_GetITStatus)
    i.USART_ITConfig                         0x0800370a   Section        0  stm32f0xx_usart.o(i.USART_ITConfig)
    i.USART_Init                             0x0800374c   Section        0  stm32f0xx_usart.o(i.USART_Init)
    i.USART_ReceiveData                      0x08003824   Section        0  stm32f0xx_usart.o(i.USART_ReceiveData)
    i.USART_SendData                         0x0800382e   Section        0  stm32f0xx_usart.o(i.USART_SendData)
    i.WriteFlash                             0x08003838   Section        0  flash.o(i.WriteFlash)
    i.__0sprintf                             0x08003880   Section        0  printfa.o(i.__0sprintf)
    i.__ARM_clz                              0x080038a8   Section        0  depilogue.o(i.__ARM_clz)
    i.__ARM_common_switch8                   0x080038d6   Section        0  charging.o(i.__ARM_common_switch8)
    i.__ARM_fpclassify                       0x080038f4   Section        0  fpclassify.o(i.__ARM_fpclassify)
    i.__kernel_poly                          0x08003920   Section        0  poly.o(i.__kernel_poly)
    i.__mathlib_dbl_infnan                   0x080039cc   Section        0  dunder.o(i.__mathlib_dbl_infnan)
    i.__mathlib_dbl_underflow                0x080039d8   Section        0  dunder.o(i.__mathlib_dbl_underflow)
    i.__scatterload_copy                     0x080039ec   Section       14  handlers.o(i.__scatterload_copy)
    i.__scatterload_null                     0x080039fa   Section        2  handlers.o(i.__scatterload_null)
    i.__scatterload_zeroinit                 0x080039fc   Section       14  handlers.o(i.__scatterload_zeroinit)
    i.__set_errno                            0x08003a0c   Section        0  errno.o(i.__set_errno)
    i._fp_digits                             0x08003a18   Section        0  printfa.o(i._fp_digits)
    _fp_digits                               0x08003a19   Thumb Code   344  printfa.o(i._fp_digits)
    i._printf_core                           0x08003b8c   Section        0  printfa.o(i._printf_core)
    _printf_core                             0x08003b8d   Thumb Code  1754  printfa.o(i._printf_core)
    i._printf_post_padding                   0x08004278   Section        0  printfa.o(i._printf_post_padding)
    _printf_post_padding                     0x08004279   Thumb Code    32  printfa.o(i._printf_post_padding)
    i._printf_pre_padding                    0x08004298   Section        0  printfa.o(i._printf_pre_padding)
    _printf_pre_padding                      0x08004299   Thumb Code    44  printfa.o(i._printf_pre_padding)
    i._sputc                                 0x080042c4   Section        0  printfa.o(i._sputc)
    _sputc                                   0x080042c5   Thumb Code    10  printfa.o(i._sputc)
    i.atan                                   0x080042d0   Section        0  atan.o(i.atan)
    i.main                                   0x080044ec   Section        0  main.o(i.main)
    i.sqrt                                   0x0800452c   Section        0  sqrt.o(i.sqrt)
    .constdata                               0x08004578   Section      152  atan.o(.constdata)
    atanhi                                   0x08004578   Data          32  atan.o(.constdata)
    atanlo                                   0x08004598   Data          32  atan.o(.constdata)
    aTodd                                    0x080045b8   Data          40  atan.o(.constdata)
    aTeven                                   0x080045e0   Data          48  atan.o(.constdata)
    .data                                    0x20000000   Section       16  stm32f0xx_rcc.o(.data)
    APBAHBPrescTable                         0x20000000   Data          16  stm32f0xx_rcc.o(.data)
    .data                                    0x20000010   Section        3  stm32f0xx_it.o(.data)
    .data                                    0x20000014   Section        4  key.o(.data)
    .data                                    0x20000018   Section       10  adc.o(.data)
    .data                                    0x20000022   Section        4  common.o(.data)
    g_ubMultiple_us                          0x20000022   Data           1  common.o(.data)
    g_uwMultiple_ms                          0x20000024   Data           2  common.o(.data)
    .data                                    0x20000026   Section       10  ld.o(.data)
    .data                                    0x20000030   Section       56  charging.o(.data)
    .data                                    0x20000068   Section        5  usart.o(.data)
    .data                                    0x20000070   Section       24  sensor_i2c.o(.data)
    .data                                    0x20000088   Section       20  task.o(.data)
    .data                                    0x2000009c   Section        4  errno.o(.data)
    _errno                                   0x2000009c   Data           4  errno.o(.data)
    .bss                                     0x200000a0   Section      100  usart.o(.bss)
    .bss                                     0x20000104   Section       28  flash.o(.bss)
    .bss                                     0x20000120   Section       28  task.o(.bss)
    TasksArray                               0x20000120   Data          28  task.o(.bss)
    STACK                                    0x20000140   Section     1024  startup_stm32f030x8.o(STACK)

    Global Symbols

    Symbol Name                              Value     Ov Type        Size  Object(Section)

    BuildAttributes$$THM_ISAv3M$S$PE$A:L22$X:L11$S22$IEEE1$IW$USESV6$~STKCKD$USESV7$~SHL$OTIME$ROPI$IEEEX$EBA8$MICROLIB$REQ8$PRES8$EABIv2 0x00000000   Number         0  anon$$obj.o ABSOLUTE
    __ARM_use_no_argv                        0x00000000   Number         0  main.o ABSOLUTE
    _printf_a                                0x00000000   Number         0  stubs.o ABSOLUTE
    _printf_c                                0x00000000   Number         0  stubs.o ABSOLUTE
    _printf_charcount                        0x00000000   Number         0  stubs.o ABSOLUTE
    _printf_d                                0x00000000   Number         0  stubs.o ABSOLUTE
    _printf_e                                0x00000000   Number         0  stubs.o ABSOLUTE
    _printf_f                                0x00000000   Number         0  stubs.o ABSOLUTE
    _printf_flags                            0x00000000   Number         0  stubs.o ABSOLUTE
    _printf_fp_dec                           0x00000000   Number         0  stubs.o ABSOLUTE
    _printf_fp_hex                           0x00000000   Number         0  stubs.o ABSOLUTE
    _printf_g                                0x00000000   Number         0  stubs.o ABSOLUTE
    _printf_i                                0x00000000   Number         0  stubs.o ABSOLUTE
    _printf_int_dec                          0x00000000   Number         0  stubs.o ABSOLUTE
    _printf_l                                0x00000000   Number         0  stubs.o ABSOLUTE
    _printf_lc                               0x00000000   Number         0  stubs.o ABSOLUTE
    _printf_ll                               0x00000000   Number         0  stubs.o ABSOLUTE
    _printf_lld                              0x00000000   Number         0  stubs.o ABSOLUTE
    _printf_lli                              0x00000000   Number         0  stubs.o ABSOLUTE
    _printf_llo                              0x00000000   Number         0  stubs.o ABSOLUTE
    _printf_llu                              0x00000000   Number         0  stubs.o ABSOLUTE
    _printf_llx                              0x00000000   Number         0  stubs.o ABSOLUTE
    _printf_longlong_dec                     0x00000000   Number         0  stubs.o ABSOLUTE
    _printf_longlong_hex                     0x00000000   Number         0  stubs.o ABSOLUTE
    _printf_longlong_oct                     0x00000000   Number         0  stubs.o ABSOLUTE
    _printf_ls                               0x00000000   Number         0  stubs.o ABSOLUTE
    _printf_mbtowc                           0x00000000   Number         0  stubs.o ABSOLUTE
    _printf_n                                0x00000000   Number         0  stubs.o ABSOLUTE
    _printf_o                                0x00000000   Number         0  stubs.o ABSOLUTE
    _printf_p                                0x00000000   Number         0  stubs.o ABSOLUTE
    _printf_percent                          0x00000000   Number         0  stubs.o ABSOLUTE
    _printf_pre_padding                      0x00000000   Number         0  stubs.o ABSOLUTE
    _printf_return_value                     0x00000000   Number         0  stubs.o ABSOLUTE
    _printf_s                                0x00000000   Number         0  stubs.o ABSOLUTE
    _printf_sizespec                         0x00000000   Number         0  stubs.o ABSOLUTE
    _printf_str                              0x00000000   Number         0  stubs.o ABSOLUTE
    _printf_truncate_signed                  0x00000000   Number         0  stubs.o ABSOLUTE
    _printf_truncate_unsigned                0x00000000   Number         0  stubs.o ABSOLUTE
    _printf_u                                0x00000000   Number         0  stubs.o ABSOLUTE
    _printf_wc                               0x00000000   Number         0  stubs.o ABSOLUTE
    _printf_wctomb                           0x00000000   Number         0  stubs.o ABSOLUTE
    _printf_widthprec                        0x00000000   Number         0  stubs.o ABSOLUTE
    _printf_x                                0x00000000   Number         0  stubs.o ABSOLUTE
    __cpp_initialize__aeabi_                  - Undefined Weak Reference
    __cxa_finalize                            - Undefined Weak Reference
    __decompress                              - Undefined Weak Reference
    _clock_init                               - Undefined Weak Reference
    _microlib_exit                            - Undefined Weak Reference
    __Vectors_Size                           0x000000c0   Number         0  startup_stm32f030x8.o ABSOLUTE
    __Vectors                                0x08000000   Data           4  startup_stm32f030x8.o(RESET)
    __Vectors_End                            0x080000c0   Data           0  startup_stm32f030x8.o(RESET)
    __main                                   0x080000c1   Thumb Code     0  entry.o(.ARM.Collect$$$$00000000)
    _main_stk                                0x080000c1   Thumb Code     0  entry2.o(.ARM.Collect$$$$00000001)
    _main_scatterload                        0x080000c5   Thumb Code     0  entry5.o(.ARM.Collect$$$$00000004)
    __main_after_scatterload                 0x080000c9   Thumb Code     0  entry5.o(.ARM.Collect$$$$00000004)
    _main_clock                              0x080000c9   Thumb Code     0  entry7b.o(.ARM.Collect$$$$00000008)
    _main_cpp_init                           0x080000c9   Thumb Code     0  entry8b.o(.ARM.Collect$$$$0000000A)
    _main_init                               0x080000c9   Thumb Code     0  entry9a.o(.ARM.Collect$$$$0000000B)
    __rt_final_cpp                           0x080000d1   Thumb Code     0  entry10a.o(.ARM.Collect$$$$0000000D)
    __rt_final_exit                          0x080000d1   Thumb Code     0  entry11a.o(.ARM.Collect$$$$0000000F)
    Reset_Handler                            0x080000d5   Thumb Code     8  startup_stm32f030x8.o(.text)
    ADC1_COMP_IRQHandler                     0x080000e7   Thumb Code     0  startup_stm32f030x8.o(.text)
    CEC_IRQHandler                           0x080000e7   Thumb Code     0  startup_stm32f030x8.o(.text)
    DMA1_Channel1_IRQHandler                 0x080000e7   Thumb Code     0  startup_stm32f030x8.o(.text)
    DMA1_Channel2_3_IRQHandler               0x080000e7   Thumb Code     0  startup_stm32f030x8.o(.text)
    DMA1_Channel4_5_IRQHandler               0x080000e7   Thumb Code     0  startup_stm32f030x8.o(.text)
    EXTI0_1_IRQHandler                       0x080000e7   Thumb Code     0  startup_stm32f030x8.o(.text)
    EXTI2_3_IRQHandler                       0x080000e7   Thumb Code     0  startup_stm32f030x8.o(.text)
    FLASH_IRQHandler                         0x080000e7   Thumb Code     0  startup_stm32f030x8.o(.text)
    I2C1_IRQHandler                          0x080000e7   Thumb Code     0  startup_stm32f030x8.o(.text)
    I2C2_IRQHandler                          0x080000e7   Thumb Code     0  startup_stm32f030x8.o(.text)
    PVD_IRQHandler                           0x080000e7   Thumb Code     0  startup_stm32f030x8.o(.text)
    RCC_IRQHandler                           0x080000e7   Thumb Code     0  startup_stm32f030x8.o(.text)
    RTC_IRQHandler                           0x080000e7   Thumb Code     0  startup_stm32f030x8.o(.text)
    SPI1_IRQHandler                          0x080000e7   Thumb Code     0  startup_stm32f030x8.o(.text)
    SPI2_IRQHandler                          0x080000e7   Thumb Code     0  startup_stm32f030x8.o(.text)
    TIM14_IRQHandler                         0x080000e7   Thumb Code     0  startup_stm32f030x8.o(.text)
    TIM15_IRQHandler                         0x080000e7   Thumb Code     0  startup_stm32f030x8.o(.text)
    TIM16_IRQHandler                         0x080000e7   Thumb Code     0  startup_stm32f030x8.o(.text)
    TIM17_IRQHandler                         0x080000e7   Thumb Code     0  startup_stm32f030x8.o(.text)
    TIM1_BRK_UP_TRG_COM_IRQHandler           0x080000e7   Thumb Code     0  startup_stm32f030x8.o(.text)
    TIM1_CC_IRQHandler                       0x080000e7   Thumb Code     0  startup_stm32f030x8.o(.text)
    TIM2_IRQHandler                          0x080000e7   Thumb Code     0  startup_stm32f030x8.o(.text)
    TIM6_DAC_IRQHandler                      0x080000e7   Thumb Code     0  startup_stm32f030x8.o(.text)
    TS_IRQHandler                            0x080000e7   Thumb Code     0  startup_stm32f030x8.o(.text)
    USART2_IRQHandler                        0x080000e7   Thumb Code     0  startup_stm32f030x8.o(.text)
    WWDG_IRQHandler                          0x080000e7   Thumb Code     0  startup_stm32f030x8.o(.text)
    __aeabi_uidiv                            0x080000f1   Thumb Code     0  uidiv.o(.text)
    __aeabi_uidivmod                         0x080000f1   Thumb Code    44  uidiv.o(.text)
    __aeabi_idiv                             0x0800011d   Thumb Code     0  idiv.o(.text)
    __aeabi_idivmod                          0x0800011d   Thumb Code    40  idiv.o(.text)
    __aeabi_fdiv                             0x08000145   Thumb Code   124  fdiv.o(.text)
    __aeabi_dmul                             0x080001c1   Thumb Code   202  dmul.o(.text)
    __aeabi_ddiv                             0x08000291   Thumb Code   234  ddiv.o(.text)
    __aeabi_i2f                              0x08000381   Thumb Code    22  fflti.o(.text)
    __aeabi_i2d                              0x08000399   Thumb Code    34  dflti.o(.text)
    __aeabi_f2iz                             0x080003c1   Thumb Code    50  ffixi.o(.text)
    __aeabi_d2iz                             0x080003f5   Thumb Code    62  dfixi.o(.text)
    __aeabi_f2d                              0x0800043d   Thumb Code    40  f2d.o(.text)
    __aeabi_d2f                              0x08000465   Thumb Code    56  d2f.o(.text)
    __aeabi_uldivmod                         0x0800049d   Thumb Code    96  uldiv.o(.text)
    __aeabi_llsr                             0x080004fd   Thumb Code    34  llushr.o(.text)
    _ll_ushift_r                             0x080004fd   Thumb Code     0  llushr.o(.text)
    __I$use$fp                               0x0800051f   Thumb Code     0  iusefp.o(.text)
    _float_round                             0x0800051f   Thumb Code    16  fepilogue.o(.text)
    _float_epilogue                          0x0800052f   Thumb Code   114  fepilogue.o(.text)
    _double_round                            0x080005a1   Thumb Code    26  depilogue.o(.text)
    _double_epilogue                         0x080005bb   Thumb Code   164  depilogue.o(.text)
    __aeabi_dadd                             0x08000661   Thumb Code   328  dadd.o(.text)
    __aeabi_dsub                             0x080007a9   Thumb Code    12  dadd.o(.text)
    __aeabi_drsub                            0x080007b5   Thumb Code    12  dadd.o(.text)
    __ARM_scalbn                             0x080007c5   Thumb Code    44  dscalb.o(.text)
    scalbn                                   0x080007c5   Thumb Code     0  dscalb.o(.text)
    _dsqrt                                   0x080007f1   Thumb Code   162  dsqrt.o(.text)
    __aeabi_d2ulz                            0x08000895   Thumb Code    54  dfixul.o(.text)
    __aeabi_cdrcmple                         0x080008d5   Thumb Code    38  cdrcmple.o(.text)
    __scatterload                            0x080008fd   Thumb Code    28  init.o(.text)
    __scatterload_rt2                        0x080008fd   Thumb Code     0  init.o(.text)
    __aeabi_llsl                             0x08000921   Thumb Code    32  llshl.o(.text)
    _ll_shift_l                              0x08000921   Thumb Code     0  llshl.o(.text)
    __aeabi_lasr                             0x08000941   Thumb Code    38  llsshr.o(.text)
    _ll_sshift_r                             0x08000941   Thumb Code     0  llsshr.o(.text)
    ADC_ChannelConfig                        0x08000967   Thumb Code    20  stm32f0xx_adc.o(i.ADC_ChannelConfig)
    ADC_Cmd                                  0x0800097b   Thumb Code    24  stm32f0xx_adc.o(i.ADC_Cmd)
    ADC_Configuration                        0x08000995   Thumb Code    90  adc.o(i.ADC_Configuration)
    ADC_DeInit                               0x080009fd   Thumb Code    28  stm32f0xx_adc.o(i.ADC_DeInit)
    ADC_GPIO_INIT                            0x08000a1d   Thumb Code    30  adc.o(i.ADC_GPIO_INIT)
    ADC_GetCalibrationFactor                 0x08000a3b   Thumb Code    60  stm32f0xx_adc.o(i.ADC_GetCalibrationFactor)
    ADC_GetConversionValue                   0x08000a77   Thumb Code     8  stm32f0xx_adc.o(i.ADC_GetConversionValue)
    ADC_GetFlagStatus                        0x08000a7f   Thumb Code    48  stm32f0xx_adc.o(i.ADC_GetFlagStatus)
    ADC_Init                                 0x08000ab1   Thumb Code    40  stm32f0xx_adc.o(i.ADC_Init)
    ADC_StartOfConversion                    0x08000add   Thumb Code    10  stm32f0xx_adc.o(i.ADC_StartOfConversion)
    ADC_StructInit                           0x08000ae7   Thumb Code    16  stm32f0xx_adc.o(i.ADC_StructInit)
    Accelerometer_Sleep                      0x08000af7   Thumb Code    12  sensor_i2c.o(i.Accelerometer_Sleep)
    Accelerometer_init                       0x08000b03   Thumb Code    40  sensor_i2c.o(i.Accelerometer_init)
    BOARD_Debug_Init                         0x08000b2d   Thumb Code    86  usart.o(i.BOARD_Debug_Init)
    BatVfilter                               0x08000b8d   Thumb Code    62  adc.o(i.BatVfilter)
    Bat_ADC                                  0x08000bd9   Thumb Code    26  task.o(i.Bat_ADC)
    DebugCommandProcessing                   0x08000bfd   Thumb Code   274  usart.o(i.DebugCommandProcessing)
    Delay_Init                               0x08000da9   Thumb Code    28  common.o(i.Delay_Init)
    DisChargeStepSure                        0x08000dd1   Thumb Code    60  charging.o(i.DisChargeStepSure)
    DischargeVlevelTest                      0x08000e1d   Thumb Code    64  charging.o(i.DischargeVlevelTest)
    DisplayProcess                           0x08000e69   Thumb Code   588  charging.o(i.DisplayProcess)
    EXIT_Init                                0x080010ed   Thumb Code    64  gpio.o(i.EXIT_Init)
    EXTI4_15_IRQHandler                      0x0800112d   Thumb Code    24  stm32f0xx_it.o(i.EXTI4_15_IRQHandler)
    EXTI_ClearITPendingBit                   0x08001145   Thumb Code     6  stm32f0xx_exti.o(i.EXTI_ClearITPendingBit)
    EXTI_DeInit                              0x08001151   Thumb Code    20  stm32f0xx_exti.o(i.EXTI_DeInit)
    EXTI_GetITStatus                         0x08001171   Thumb Code    22  stm32f0xx_exti.o(i.EXTI_GetITStatus)
    EXTI_Init                                0x0800118d   Thumb Code   132  stm32f0xx_exti.o(i.EXTI_Init)
    FLASH_ClearFlag                          0x08001215   Thumb Code     6  stm32f0xx_flash.o(i.FLASH_ClearFlag)
    FLASH_ErasePage                          0x08001221   Thumb Code    72  stm32f0xx_flash.o(i.FLASH_ErasePage)
    FLASH_GetStatus                          0x0800126d   Thumb Code    54  stm32f0xx_flash.o(i.FLASH_GetStatus)
    FLASH_Lock                               0x080012a9   Thumb Code    14  stm32f0xx_flash.o(i.FLASH_Lock)
    FLASH_ProgramWord                        0x080012bd   Thumb Code   104  stm32f0xx_flash.o(i.FLASH_ProgramWord)
    FLASH_Unlock                             0x08001329   Thumb Code    24  stm32f0xx_flash.o(i.FLASH_Unlock)
    FLASH_WaitForLastOperation               0x0800134d   Thumb Code    40  stm32f0xx_flash.o(i.FLASH_WaitForLastOperation)
    GPIO_Configuration                       0x08001375   Thumb Code   234  gpio.o(i.GPIO_Configuration)
    GPIO_Init                                0x08001469   Thumb Code   144  stm32f0xx_gpio.o(i.GPIO_Init)
    GPIO_PinAFConfig                         0x080014f9   Thumb Code    68  stm32f0xx_gpio.o(i.GPIO_PinAFConfig)
    GPIO_ReadInputDataBit                    0x0800153d   Thumb Code    20  stm32f0xx_gpio.o(i.GPIO_ReadInputDataBit)
    GPIO_ResetBits                           0x08001551   Thumb Code     4  stm32f0xx_gpio.o(i.GPIO_ResetBits)
    GPIO_SetBits                             0x08001555   Thumb Code     4  stm32f0xx_gpio.o(i.GPIO_SetBits)
    Get_Adc                                  0x08001559   Thumb Code    42  adc.o(i.Get_Adc)
    HardFault_Handler                        0x08001589   Thumb Code     4  stm32f0xx_it.o(i.HardFault_Handler)
    Init                                     0x0800158d   Thumb Code    40  task.o(i.Init)
    Key_Status                               0x080015b5   Thumb Code   186  task.o(i.Key_Status)
    KeysScan                                 0x0800168d   Thumb Code   202  key.o(i.KeysScan)
    LD_PWM                                   0x08001769   Thumb Code  1516  ld.o(i.LD_PWM)
    LED_HV_PWM_ON                            0x08001d75   Thumb Code    34  time.o(i.LED_HV_PWM_ON)
    LED_H_PWM_ON                             0x08001d9d   Thumb Code    34  time.o(i.LED_H_PWM_ON)
    LED_Model_Breathe                        0x08001dc5   Thumb Code   220  task.o(i.LED_Model_Breathe)
    LED_PWM_OFF                              0x08001eb9   Thumb Code    34  time.o(i.LED_PWM_OFF)
    LED_V_PWM_ON                             0x08001ee1   Thumb Code    34  time.o(i.LED_V_PWM_ON)
    Limit                                    0x08001f09   Thumb Code    70  sensor_i2c.o(i.Limit)
    Model_Stop                               0x08001f5d   Thumb Code   140  task.o(i.Model_Stop)
    NMI_Handler                              0x08001ff9   Thumb Code     2  stm32f0xx_it.o(i.NMI_Handler)
    NVIC_Init                                0x08001ffd   Thumb Code   106  stm32f0xx_misc.o(i.NVIC_Init)
    NVIC_TIME_Configuration                  0x0800206d   Thumb Code    22  time.o(i.NVIC_TIME_Configuration)
    PWM_GPIO_INIT                            0x08002083   Thumb Code    66  time.o(i.PWM_GPIO_INIT)
    PWM_LED_GPIO_INIT                        0x080020c5   Thumb Code    68  time.o(i.PWM_LED_GPIO_INIT)
    PWR_EnterSTOPMode                        0x0800210d   Thumb Code    60  stm32f0xx_pwr.o(i.PWR_EnterSTOPMode)
    PendSV_Handler                           0x08002151   Thumb Code     2  stm32f0xx_it.o(i.PendSV_Handler)
    Pflash_Init                              0x08002155   Thumb Code    70  flash.o(i.Pflash_Init)
    RCC_ADCCLKConfig                         0x080021a9   Thumb Code    52  stm32f0xx_rcc.o(i.RCC_ADCCLKConfig)
    RCC_AHBPeriphClockCmd                    0x080021e1   Thumb Code    28  stm32f0xx_rcc.o(i.RCC_AHBPeriphClockCmd)
    RCC_APB1PeriphClockCmd                   0x08002201   Thumb Code    28  stm32f0xx_rcc.o(i.RCC_APB1PeriphClockCmd)
    RCC_APB1PeriphResetCmd                   0x08002221   Thumb Code    28  stm32f0xx_rcc.o(i.RCC_APB1PeriphResetCmd)
    RCC_APB2PeriphClockCmd                   0x08002241   Thumb Code    28  stm32f0xx_rcc.o(i.RCC_APB2PeriphClockCmd)
    RCC_APB2PeriphResetCmd                   0x08002261   Thumb Code    28  stm32f0xx_rcc.o(i.RCC_APB2PeriphResetCmd)
    RCC_GetClocksFreq                        0x08002281   Thumb Code   340  stm32f0xx_rcc.o(i.RCC_GetClocksFreq)
    RED_TIM3_PWM_NUM                         0x080023ed   Thumb Code    40  time.o(i.RED_TIM3_PWM_NUM)
    SET_TIM3_PWM_NUM                         0x08002419   Thumb Code    30  time.o(i.SET_TIM3_PWM_NUM)
    SVC_Handler                              0x0800243d   Thumb Code     2  stm32f0xx_it.o(i.SVC_Handler)
    SYSCFG_EXTILineConfig                    0x08002441   Thumb Code    60  stm32f0xx_syscfg.o(i.SYSCFG_EXTILineConfig)
    SaveInformation                          0x08002481   Thumb Code    34  flash.o(i.SaveInformation)
    Sensor_I2CDelay                          0x080024a9   Thumb Code    12  sensor_i2c.o(i.Sensor_I2CDelay)
    Sensor_I2CReadByte                       0x080024b5   Thumb Code   100  sensor_i2c.o(i.Sensor_I2CReadByte)
    Sensor_I2CSendAck                        0x08002519   Thumb Code    84  sensor_i2c.o(i.Sensor_I2CSendAck)
    Sensor_I2CStart                          0x0800256d   Thumb Code    64  sensor_i2c.o(i.Sensor_I2CStart)
    Sensor_I2CStop                           0x080025ad   Thumb Code    64  sensor_i2c.o(i.Sensor_I2CStop)
    Sensor_I2CWaitAck                        0x080025ed   Thumb Code    94  sensor_i2c.o(i.Sensor_I2CWaitAck)
    Sensor_I2CWriteByte                      0x0800264b   Thumb Code   108  sensor_i2c.o(i.Sensor_I2CWriteByte)
    Sensor_I2cInit                           0x080026b7   Thumb Code    36  sensor_i2c.o(i.Sensor_I2cInit)
    Sensor_ReadAccel                         0x080026dd   Thumb Code   612  sensor_i2c.o(i.Sensor_ReadAccel)
    Sensor_ReadReg                           0x080029b1   Thumb Code    62  sensor_i2c.o(i.Sensor_ReadReg)
    Sensor_SCLOut                            0x080029ef   Thumb Code    34  sensor_i2c.o(i.Sensor_SCLOut)
    Sensor_SDAIn                             0x08002a11   Thumb Code    32  sensor_i2c.o(i.Sensor_SDAIn)
    Sensor_SDAOut                            0x08002a31   Thumb Code    34  sensor_i2c.o(i.Sensor_SDAOut)
    Sensor_WriteReg                          0x08002a53   Thumb Code    46  sensor_i2c.o(i.Sensor_WriteReg)
    SetAngelZero                             0x08002a81   Thumb Code   294  sensor_i2c.o(i.SetAngelZero)
    SetTimerTask                             0x08002c75   Thumb Code    12  task.o(i.SetTimerTask)
    Sleep_IO_Init                            0x08002c85   Thumb Code    86  gpio.o(i.Sleep_IO_Init)
    Sleep_Mode                               0x08002ced   Thumb Code   120  gpio.o(i.Sleep_Mode)
    Switch_Status                            0x08002d79   Thumb Code   432  task.o(i.Switch_Status)
    SysTick_Handler                          0x08002f59   Thumb Code     2  stm32f0xx_it.o(i.SysTick_Handler)
    SystemInit                               0x08002f5d   Thumb Code   110  system_stm32f0xx.o(i.SystemInit)
    TIM3_IRQHandler                          0x08002fd9   Thumb Code    52  stm32f0xx_it.o(i.TIM3_IRQHandler)
    TIME_Configuration                       0x08003019   Thumb Code   140  time.o(i.TIME_Configuration)
    TIME_PWM_Configuration                   0x080030a9   Thumb Code   118  time.o(i.TIME_PWM_Configuration)
    TIM_CCxCmd                               0x08003125   Thumb Code    30  stm32f0xx_tim.o(i.TIM_CCxCmd)
    TIM_CCxNCmd                              0x08003143   Thumb Code    30  stm32f0xx_tim.o(i.TIM_CCxNCmd)
    TIM_ClearFlag                            0x08003161   Thumb Code     6  stm32f0xx_tim.o(i.TIM_ClearFlag)
    TIM_Cmd                                  0x08003169   Thumb Code    24  stm32f0xx_tim.o(i.TIM_Cmd)
    TIM_CtrlPWMOutputs                       0x08003185   Thumb Code    34  stm32f0xx_tim.o(i.TIM_CtrlPWMOutputs)
    TIM_DeInit                               0x080031a9   Thumb Code   204  stm32f0xx_tim.o(i.TIM_DeInit)
    TIM_GetFlagStatus                        0x08003291   Thumb Code    20  stm32f0xx_tim.o(i.TIM_GetFlagStatus)
    TIM_ITConfig                             0x080032a5   Thumb Code    20  stm32f0xx_tim.o(i.TIM_ITConfig)
    TIM_OC1Init                              0x080032b9   Thumb Code   122  stm32f0xx_tim.o(i.TIM_OC1Init)
    TIM_OC1NPolarityConfig                   0x0800334d   Thumb Code    20  stm32f0xx_tim.o(i.TIM_OC1NPolarityConfig)
    TIM_OC2Init                              0x08003365   Thumb Code   142  stm32f0xx_tim.o(i.TIM_OC2Init)
    TIM_OC3Init                              0x08003411   Thumb Code   124  stm32f0xx_tim.o(i.TIM_OC3Init)
    TIM_SetCompare1                          0x080034a9   Thumb Code     4  stm32f0xx_tim.o(i.TIM_SetCompare1)
    TIM_SetCompare2                          0x080034ad   Thumb Code     4  stm32f0xx_tim.o(i.TIM_SetCompare2)
    TIM_SetCompare3                          0x080034b1   Thumb Code     4  stm32f0xx_tim.o(i.TIM_SetCompare3)
    TIM_TimeBaseInit                         0x080034b5   Thumb Code    90  stm32f0xx_tim.o(i.TIM_TimeBaseInit)
    TasksDispatch                            0x08003531   Thumb Code    22  task.o(i.TasksDispatch)
    Tasks_Load                               0x0800354d   Thumb Code    68  task.o(i.Tasks_Load)
    USART1_IRQHandler                        0x080035b1   Thumb Code    84  stm32f0xx_it.o(i.USART1_IRQHandler)
    USARTSendData                            0x08003619   Thumb Code    52  usart.o(i.USARTSendData)
    USART_Cmd                                0x08003651   Thumb Code    24  stm32f0xx_usart.o(i.USART_Cmd)
    USART_GPIO_INIT                          0x08003669   Thumb Code    64  usart.o(i.USART_GPIO_INIT)
    USART_GetFlagStatus                      0x080036a9   Thumb Code    20  stm32f0xx_usart.o(i.USART_GetFlagStatus)
    USART_GetITStatus                        0x080036bd   Thumb Code    78  stm32f0xx_usart.o(i.USART_GetITStatus)
    USART_ITConfig                           0x0800370b   Thumb Code    66  stm32f0xx_usart.o(i.USART_ITConfig)
    USART_Init                               0x0800374d   Thumb Code   202  stm32f0xx_usart.o(i.USART_Init)
    USART_ReceiveData                        0x08003825   Thumb Code    10  stm32f0xx_usart.o(i.USART_ReceiveData)
    USART_SendData                           0x0800382f   Thumb Code     8  stm32f0xx_usart.o(i.USART_SendData)
    WriteFlash                               0x08003839   Thumb Code    62  flash.o(i.WriteFlash)
    __0sprintf                               0x08003881   Thumb Code    36  printfa.o(i.__0sprintf)
    __1sprintf                               0x08003881   Thumb Code     0  printfa.o(i.__0sprintf)
    __2sprintf                               0x08003881   Thumb Code     0  printfa.o(i.__0sprintf)
    __c89sprintf                             0x08003881   Thumb Code     0  printfa.o(i.__0sprintf)
    sprintf                                  0x08003881   Thumb Code     0  printfa.o(i.__0sprintf)
    __ARM_clz                                0x080038a9   Thumb Code    46  depilogue.o(i.__ARM_clz)
    __ARM_common_switch8                     0x080038d7   Thumb Code    28  charging.o(i.__ARM_common_switch8)
    __ARM_fpclassify                         0x080038f5   Thumb Code    40  fpclassify.o(i.__ARM_fpclassify)
    __kernel_poly                            0x08003921   Thumb Code   172  poly.o(i.__kernel_poly)
    __mathlib_dbl_infnan                     0x080039cd   Thumb Code    10  dunder.o(i.__mathlib_dbl_infnan)
    __mathlib_dbl_underflow                  0x080039d9   Thumb Code    14  dunder.o(i.__mathlib_dbl_underflow)
    __scatterload_copy                       0x080039ed   Thumb Code    14  handlers.o(i.__scatterload_copy)
    __scatterload_null                       0x080039fb   Thumb Code     2  handlers.o(i.__scatterload_null)
    __scatterload_zeroinit                   0x080039fd   Thumb Code    14  handlers.o(i.__scatterload_zeroinit)
    __set_errno                              0x08003a0d   Thumb Code     6  errno.o(i.__set_errno)
    atan                                     0x080042d1   Thumb Code   472  atan.o(i.atan)
    main                                     0x080044ed   Thumb Code    54  main.o(i.main)
    sqrt                                     0x0800452d   Thumb Code    66  sqrt.o(i.sqrt)
    Region$$Table$$Base                      0x08004610   Number         0  anon$$obj.o(Region$$Table)
    Region$$Table$$Limit                     0x08004630   Number         0  anon$$obj.o(Region$$Table)
    TimeCnt                                  0x20000010   Data           2  stm32f0xx_it.o(.data)
    System5ms                                0x20000012   Data           1  stm32f0xx_it.o(.data)
    Keys_Now                                 0x20000014   Data           1  key.o(.data)
    Keys_Data                                0x20000015   Data           1  key.o(.data)
    Key_Delay                                0x20000016   Data           2  key.o(.data)
    ChargingStatus                           0x20000018   Data           1  adc.o(.data)
    LED_PWM                                  0x20000019   Data           1  adc.o(.data)
    ADC_NUM                                  0x2000001a   Data           1  adc.o(.data)
    ADC_Colour                               0x2000001b   Data           1  adc.o(.data)
    BatVCount                                0x2000001c   Data           2  adc.o(.data)
    BatSum                                   0x2000001e   Data           2  adc.o(.data)
    BatData                                  0x20000020   Data           2  adc.o(.data)
    ADC_OFF                                  0x20000026   Data           1  ld.o(.data)
    LD_LOCK_NUM                              0x20000028   Data           2  ld.o(.data)
    LD_Limit_NUM                             0x2000002a   Data           2  ld.o(.data)
    LD_LOCK_NUM_LP                           0x2000002c   Data           2  ld.o(.data)
    LD_UNLOCK_NUM_LP                         0x2000002e   Data           2  ld.o(.data)
    LedTimeOn                                0x20000030   Data           1  charging.o(.data)
    LedTimeOff                               0x20000031   Data           1  charging.o(.data)
    SystemState                              0x20000032   Data           1  charging.o(.data)
    BqSetDptr                                0x20000033   Data           1  charging.o(.data)
    FchargeOver                              0x20000034   Data           1  charging.o(.data)
    OldChargeStep                            0x20000035   Data           1  charging.o(.data)
    ChargeStepBuf                            0x20000036   Data           1  charging.o(.data)
    BqTimeCnt                                0x20000037   Data           1  charging.o(.data)
    BatErrorCnt                              0x20000038   Data           1  charging.o(.data)
    FtempCoseOpen                            0x20000039   Data           1  charging.o(.data)
    ChargeDisDptr                            0x2000003a   Data           1  charging.o(.data)
    AdapterCnt                               0x2000003b   Data           1  charging.o(.data)
    UsbVtestCnt                              0x2000003c   Data           1  charging.o(.data)
    UsbVtestCnt1                             0x2000003d   Data           1  charging.o(.data)
    DisChargeDisDptr                         0x2000003e   Data           1  charging.o(.data)
    UsbVCount                                0x2000003f   Data           1  charging.o(.data)
    F_led                                    0x20000040   Data           1  charging.o(.data)
    LedOntimeCnt                             0x20000041   Data           1  charging.o(.data)
    KeyBatVDataCount                         0x20000042   Data           1  charging.o(.data)
    OldDisChargeStep                         0x20000043   Data           1  charging.o(.data)
    DisChargeStepBuf                         0x20000044   Data           1  charging.o(.data)
    DisChargeStepCnt                         0x20000045   Data           1  charging.o(.data)
    NTC_Count                                0x20000046   Data           2  charging.o(.data)
    NTC_Sum                                  0x20000048   Data           2  charging.o(.data)
    NTC_Data                                 0x2000004a   Data           2  charging.o(.data)
    TEMP_Sum                                 0x2000004c   Data           2  charging.o(.data)
    TEMP_Data                                0x2000004e   Data           2  charging.o(.data)
    UsbVSum                                  0x20000050   Data           2  charging.o(.data)
    UsbVData                                 0x20000052   Data           2  charging.o(.data)
    KeyBatData                               0x20000054   Data           2  charging.o(.data)
    BatErrorCnt1                             0x20000056   Data           2  charging.o(.data)
    ChargeStepCnt                            0x20000058   Data           2  charging.o(.data)
    DisChargeDisTimeCnt_ON                   0x2000005a   Data           2  charging.o(.data)
    DisChargeDisTimeCnt_OFF                  0x2000005c   Data           2  charging.o(.data)
    DisChargeDisTimeCnt_LP_OFF               0x2000005e   Data           2  charging.o(.data)
    ChargeTimeCnt                            0x20000060   Data           4  charging.o(.data)
    ReChargeTimeErrCntBuf                    0x20000064   Data           4  charging.o(.data)
    Red_Accel                                0x20000068   Data           1  usart.o(.data)
    RxCount                                  0x2000006a   Data           2  usart.o(.data)
    Bit_ReceiveCompletion                    0x2000006c   Data           1  usart.o(.data)
    LD_Limit                                 0x20000070   Data           1  sensor_i2c.o(.data)
    ReadAccelCount                           0x20000072   Data           2  sensor_i2c.o(.data)
    System1s                                 0x20000074   Data           2  sensor_i2c.o(.data)
    Angle                                    0x20000078   Data           4  sensor_i2c.o(.data)
    Accel_X                                  0x2000007c   Data           4  sensor_i2c.o(.data)
    Accel_Y                                  0x20000080   Data           4  sensor_i2c.o(.data)
    Accel_Z                                  0x20000084   Data           4  sensor_i2c.o(.data)
    LD_Mode                                  0x20000088   Data           1  task.o(.data)
    LD_PULSE                                 0x20000089   Data           1  task.o(.data)
    OffBvcCnt                                0x2000008a   Data           2  task.o(.data)
    ChargeSleepCnt                           0x2000008c   Data           1  task.o(.data)
    Key_P_ON                                 0x2000008d   Data           1  task.o(.data)
    Key_ON_F                                 0x2000008e   Data           1  task.o(.data)
    Key_ON_L_F                               0x2000008f   Data           1  task.o(.data)
    LED_PWM_NUM                              0x20000090   Data           1  task.o(.data)
    LED_PWM_MODE                             0x20000091   Data           1  task.o(.data)
    System40ms                               0x20000092   Data           1  task.o(.data)
    Switch_ON                                0x20000093   Data           1  task.o(.data)
    Vol_Delay_ON                             0x20000094   Data           1  task.o(.data)
    LD_OFF_Cnt                               0x20000096   Data           2  task.o(.data)
    Sleep_ON_Cnt                             0x20000098   Data           2  task.o(.data)
    Sleep_OFF_Cnt                            0x2000009a   Data           2  task.o(.data)
    RxBuffer                                 0x200000a0   Data          50  usart.o(.bss)
    TxBuffer                                 0x200000d2   Data          50  usart.o(.bss)
    SysPar                                   0x20000104   Data          28  flash.o(.bss)
    __initial_sp                             0x20000540   Data           0  startup_stm32f030x8.o(STACK)



==============================================================================

Memory Map of the image

  Image Entry point : 0x080000c1

  Load Region LR_IROM1 (Base: 0x08000000, Size: 0x000046d0, Max: 0x00010000, ABSOLUTE)

    Execution Region ER_IROM1 (Exec base: 0x08000000, Load base: 0x08000000, Size: 0x00004630, Max: 0x00010000, ABSOLUTE)

    Exec Addr    Load Addr    Size         Type   Attr      Idx    E Section Name        Object

    0x08000000   0x08000000   0x000000c0   Data   RO            3    RESET               startup_stm32f030x8.o
    0x080000c0   0x080000c0   0x00000000   Code   RO         2836  * .ARM.Collect$$$$00000000  mc_p.l(entry.o)
    0x080000c0   0x080000c0   0x00000004   Code   RO         3140    .ARM.Collect$$$$00000001  mc_p.l(entry2.o)
    0x080000c4   0x080000c4   0x00000004   Code   RO         3143    .ARM.Collect$$$$00000004  mc_p.l(entry5.o)
    0x080000c8   0x080000c8   0x00000000   Code   RO         3145    .ARM.Collect$$$$00000008  mc_p.l(entry7b.o)
    0x080000c8   0x080000c8   0x00000000   Code   RO         3147    .ARM.Collect$$$$0000000A  mc_p.l(entry8b.o)
    0x080000c8   0x080000c8   0x00000008   Code   RO         3148    .ARM.Collect$$$$0000000B  mc_p.l(entry9a.o)
    0x080000d0   0x080000d0   0x00000000   Code   RO         3150    .ARM.Collect$$$$0000000D  mc_p.l(entry10a.o)
    0x080000d0   0x080000d0   0x00000000   Code   RO         3152    .ARM.Collect$$$$0000000F  mc_p.l(entry11a.o)
    0x080000d0   0x080000d0   0x00000004   Code   RO         3141    .ARM.Collect$$$$00002712  mc_p.l(entry2.o)
    0x080000d4   0x080000d4   0x0000001c   Code   RO            4    .text               startup_stm32f030x8.o
    0x080000f0   0x080000f0   0x0000002c   Code   RO         2839    .text               mc_p.l(uidiv.o)
    0x0800011c   0x0800011c   0x00000028   Code   RO         2841    .text               mc_p.l(idiv.o)
    0x08000144   0x08000144   0x0000007c   Code   RO         3104    .text               mf_p.l(fdiv.o)
    0x080001c0   0x080001c0   0x000000d0   Code   RO         3106    .text               mf_p.l(dmul.o)
    0x08000290   0x08000290   0x000000f0   Code   RO         3108    .text               mf_p.l(ddiv.o)
    0x08000380   0x08000380   0x00000016   Code   RO         3110    .text               mf_p.l(fflti.o)
    0x08000396   0x08000396   0x00000002   PAD
    0x08000398   0x08000398   0x00000028   Code   RO         3112    .text               mf_p.l(dflti.o)
    0x080003c0   0x080003c0   0x00000032   Code   RO         3114    .text               mf_p.l(ffixi.o)
    0x080003f2   0x080003f2   0x00000002   PAD
    0x080003f4   0x080003f4   0x00000048   Code   RO         3116    .text               mf_p.l(dfixi.o)
    0x0800043c   0x0800043c   0x00000028   Code   RO         3118    .text               mf_p.l(f2d.o)
    0x08000464   0x08000464   0x00000038   Code   RO         3120    .text               mf_p.l(d2f.o)
    0x0800049c   0x0800049c   0x00000060   Code   RO         3157    .text               mc_p.l(uldiv.o)
    0x080004fc   0x080004fc   0x00000022   Code   RO         3159    .text               mc_p.l(llushr.o)
    0x0800051e   0x0800051e   0x00000000   Code   RO         3168    .text               mc_p.l(iusefp.o)
    0x0800051e   0x0800051e   0x00000082   Code   RO         3169    .text               mf_p.l(fepilogue.o)
    0x080005a0   0x080005a0   0x000000be   Code   RO         3171    .text               mf_p.l(depilogue.o)
    0x0800065e   0x0800065e   0x00000002   PAD
    0x08000660   0x08000660   0x00000164   Code   RO         3175    .text               mf_p.l(dadd.o)
    0x080007c4   0x080007c4   0x0000002c   Code   RO         3177    .text               mf_p.l(dscalb.o)
    0x080007f0   0x080007f0   0x000000a2   Code   RO         3179    .text               mf_p.l(dsqrt.o)
    0x08000892   0x08000892   0x00000002   PAD
    0x08000894   0x08000894   0x00000040   Code   RO         3181    .text               mf_p.l(dfixul.o)
    0x080008d4   0x080008d4   0x00000028   Code   RO         3185    .text               mf_p.l(cdrcmple.o)
    0x080008fc   0x080008fc   0x00000024   Code   RO         3187    .text               mc_p.l(init.o)
    0x08000920   0x08000920   0x00000020   Code   RO         3190    .text               mc_p.l(llshl.o)
    0x08000940   0x08000940   0x00000026   Code   RO         3192    .text               mc_p.l(llsshr.o)
    0x08000966   0x08000966   0x00000014   Code   RO         1012    i.ADC_ChannelConfig  stm32f0xx_adc.o
    0x0800097a   0x0800097a   0x00000018   Code   RO         1015    i.ADC_Cmd           stm32f0xx_adc.o
    0x08000992   0x08000992   0x00000002   PAD
    0x08000994   0x08000994   0x00000068   Code   RO         2156    i.ADC_Configuration  adc.o
    0x080009fc   0x080009fc   0x00000020   Code   RO         1019    i.ADC_DeInit        stm32f0xx_adc.o
    0x08000a1c   0x08000a1c   0x0000001e   Code   RO         2157    i.ADC_GPIO_INIT     adc.o
    0x08000a3a   0x08000a3a   0x0000003c   Code   RO         1021    i.ADC_GetCalibrationFactor  stm32f0xx_adc.o
    0x08000a76   0x08000a76   0x00000008   Code   RO         1022    i.ADC_GetConversionValue  stm32f0xx_adc.o
    0x08000a7e   0x08000a7e   0x00000030   Code   RO         1023    i.ADC_GetFlagStatus  stm32f0xx_adc.o
    0x08000aae   0x08000aae   0x00000002   PAD
    0x08000ab0   0x08000ab0   0x0000002c   Code   RO         1026    i.ADC_Init          stm32f0xx_adc.o
    0x08000adc   0x08000adc   0x0000000a   Code   RO         1029    i.ADC_StartOfConversion  stm32f0xx_adc.o
    0x08000ae6   0x08000ae6   0x00000010   Code   RO         1031    i.ADC_StructInit    stm32f0xx_adc.o
    0x08000af6   0x08000af6   0x0000000c   Code   RO         2602    i.Accelerometer_Sleep  sensor_i2c.o
    0x08000b02   0x08000b02   0x00000028   Code   RO         2603    i.Accelerometer_init  sensor_i2c.o
    0x08000b2a   0x08000b2a   0x00000002   PAD
    0x08000b2c   0x08000b2c   0x00000060   Code   RO         2469    i.BOARD_Debug_Init  usart.o
    0x08000b8c   0x08000b8c   0x0000004c   Code   RO         2158    i.BatVfilter        adc.o
    0x08000bd8   0x08000bd8   0x00000024   Code   RO         2727    i.Bat_ADC           task.o
    0x08000bfc   0x08000bfc   0x000001ac   Code   RO         2470    i.DebugCommandProcessing  usart.o
    0x08000da8   0x08000da8   0x00000028   Code   RO         2201    i.Delay_Init        common.o
    0x08000dd0   0x08000dd0   0x0000004c   Code   RO         2375    i.DisChargeStepSure  charging.o
    0x08000e1c   0x08000e1c   0x0000004c   Code   RO         2376    i.DischargeVlevelTest  charging.o
    0x08000e68   0x08000e68   0x00000284   Code   RO         2377    i.DisplayProcess    charging.o
    0x080010ec   0x080010ec   0x00000040   Code   RO         2519    i.EXIT_Init         gpio.o
    0x0800112c   0x0800112c   0x00000018   Code   RO         1926    i.EXTI4_15_IRQHandler  stm32f0xx_it.o
    0x08001144   0x08001144   0x0000000c   Code   RO         1504    i.EXTI_ClearITPendingBit  stm32f0xx_exti.o
    0x08001150   0x08001150   0x00000020   Code   RO         1505    i.EXTI_DeInit       stm32f0xx_exti.o
    0x08001170   0x08001170   0x0000001c   Code   RO         1508    i.EXTI_GetITStatus  stm32f0xx_exti.o
    0x0800118c   0x0800118c   0x00000088   Code   RO         1509    i.EXTI_Init         stm32f0xx_exti.o
    0x08001214   0x08001214   0x0000000c   Code   RO         1701    i.FLASH_ClearFlag   stm32f0xx_flash.o
    0x08001220   0x08001220   0x0000004c   Code   RO         1703    i.FLASH_ErasePage   stm32f0xx_flash.o
    0x0800126c   0x0800126c   0x0000003c   Code   RO         1706    i.FLASH_GetStatus   stm32f0xx_flash.o
    0x080012a8   0x080012a8   0x00000014   Code   RO         1708    i.FLASH_Lock        stm32f0xx_flash.o
    0x080012bc   0x080012bc   0x0000006c   Code   RO         1726    i.FLASH_ProgramWord  stm32f0xx_flash.o
    0x08001328   0x08001328   0x00000024   Code   RO         1728    i.FLASH_Unlock      stm32f0xx_flash.o
    0x0800134c   0x0800134c   0x00000028   Code   RO         1729    i.FLASH_WaitForLastOperation  stm32f0xx_flash.o
    0x08001374   0x08001374   0x000000f4   Code   RO         2520    i.GPIO_Configuration  gpio.o
    0x08001468   0x08001468   0x00000090   Code   RO           13    i.GPIO_Init         stm32f0xx_gpio.o
    0x080014f8   0x080014f8   0x00000044   Code   RO           14    i.GPIO_PinAFConfig  stm32f0xx_gpio.o
    0x0800153c   0x0800153c   0x00000014   Code   RO           17    i.GPIO_ReadInputDataBit  stm32f0xx_gpio.o
    0x08001550   0x08001550   0x00000004   Code   RO           20    i.GPIO_ResetBits    stm32f0xx_gpio.o
    0x08001554   0x08001554   0x00000004   Code   RO           21    i.GPIO_SetBits      stm32f0xx_gpio.o
    0x08001558   0x08001558   0x00000030   Code   RO         2159    i.Get_Adc           adc.o
    0x08001588   0x08001588   0x00000004   Code   RO         1927    i.HardFault_Handler  stm32f0xx_it.o
    0x0800158c   0x0800158c   0x00000028   Code   RO         2728    i.Init              task.o
    0x080015b4   0x080015b4   0x000000d8   Code   RO         2729    i.Key_Status        task.o
    0x0800168c   0x0800168c   0x000000dc   Code   RO         2004    i.KeysScan          key.o
    0x08001768   0x08001768   0x0000060c   Code   RO         2240    i.LD_PWM            ld.o
    0x08001d74   0x08001d74   0x00000028   Code   RO         2031    i.LED_HV_PWM_ON     time.o
    0x08001d9c   0x08001d9c   0x00000028   Code   RO         2032    i.LED_H_PWM_ON      time.o
    0x08001dc4   0x08001dc4   0x000000f4   Code   RO         2730    i.LED_Model_Breathe  task.o
    0x08001eb8   0x08001eb8   0x00000028   Code   RO         2033    i.LED_PWM_OFF       time.o
    0x08001ee0   0x08001ee0   0x00000028   Code   RO         2034    i.LED_V_PWM_ON      time.o
    0x08001f08   0x08001f08   0x00000054   Code   RO         2604    i.Limit             sensor_i2c.o
    0x08001f5c   0x08001f5c   0x0000009c   Code   RO         2731    i.Model_Stop        task.o
    0x08001ff8   0x08001ff8   0x00000002   Code   RO         1928    i.NMI_Handler       stm32f0xx_it.o
    0x08001ffa   0x08001ffa   0x00000002   PAD
    0x08001ffc   0x08001ffc   0x00000070   Code   RO          407    i.NVIC_Init         stm32f0xx_misc.o
    0x0800206c   0x0800206c   0x00000016   Code   RO         2035    i.NVIC_TIME_Configuration  time.o
    0x08002082   0x08002082   0x00000042   Code   RO         2036    i.PWM_GPIO_INIT     time.o
    0x080020c4   0x080020c4   0x00000048   Code   RO         2037    i.PWM_LED_GPIO_INIT  time.o
    0x0800210c   0x0800210c   0x00000044   Code   RO         1569    i.PWR_EnterSTOPMode  stm32f0xx_pwr.o
    0x08002150   0x08002150   0x00000002   Code   RO         1929    i.PendSV_Handler    stm32f0xx_it.o
    0x08002152   0x08002152   0x00000002   PAD
    0x08002154   0x08002154   0x00000054   Code   RO         2564    i.Pflash_Init       flash.o
    0x080021a8   0x080021a8   0x00000038   Code   RO          157    i.RCC_ADCCLKConfig  stm32f0xx_rcc.o
    0x080021e0   0x080021e0   0x00000020   Code   RO          158    i.RCC_AHBPeriphClockCmd  stm32f0xx_rcc.o
    0x08002200   0x08002200   0x00000020   Code   RO          160    i.RCC_APB1PeriphClockCmd  stm32f0xx_rcc.o
    0x08002220   0x08002220   0x00000020   Code   RO          161    i.RCC_APB1PeriphResetCmd  stm32f0xx_rcc.o
    0x08002240   0x08002240   0x00000020   Code   RO          162    i.RCC_APB2PeriphClockCmd  stm32f0xx_rcc.o
    0x08002260   0x08002260   0x00000020   Code   RO          163    i.RCC_APB2PeriphResetCmd  stm32f0xx_rcc.o
    0x08002280   0x08002280   0x0000016c   Code   RO          172    i.RCC_GetClocksFreq  stm32f0xx_rcc.o
    0x080023ec   0x080023ec   0x0000002c   Code   RO         2038    i.RED_TIM3_PWM_NUM  time.o
    0x08002418   0x08002418   0x00000024   Code   RO         2039    i.SET_TIM3_PWM_NUM  time.o
    0x0800243c   0x0800243c   0x00000002   Code   RO         1930    i.SVC_Handler       stm32f0xx_it.o
    0x0800243e   0x0800243e   0x00000002   PAD
    0x08002440   0x08002440   0x00000040   Code   RO         1643    i.SYSCFG_EXTILineConfig  stm32f0xx_syscfg.o
    0x08002480   0x08002480   0x00000028   Code   RO         2565    i.SaveInformation   flash.o
    0x080024a8   0x080024a8   0x0000000c   Code   RO         2605    i.Sensor_I2CDelay   sensor_i2c.o
    0x080024b4   0x080024b4   0x00000064   Code   RO         2606    i.Sensor_I2CReadByte  sensor_i2c.o
    0x08002518   0x08002518   0x00000054   Code   RO         2607    i.Sensor_I2CSendAck  sensor_i2c.o
    0x0800256c   0x0800256c   0x00000040   Code   RO         2608    i.Sensor_I2CStart   sensor_i2c.o
    0x080025ac   0x080025ac   0x00000040   Code   RO         2609    i.Sensor_I2CStop    sensor_i2c.o
    0x080025ec   0x080025ec   0x0000005e   Code   RO         2610    i.Sensor_I2CWaitAck  sensor_i2c.o
    0x0800264a   0x0800264a   0x0000006c   Code   RO         2611    i.Sensor_I2CWriteByte  sensor_i2c.o
    0x080026b6   0x080026b6   0x00000024   Code   RO         2612    i.Sensor_I2cInit    sensor_i2c.o
    0x080026da   0x080026da   0x00000002   PAD
    0x080026dc   0x080026dc   0x000002d4   Code   RO         2613    i.Sensor_ReadAccel  sensor_i2c.o
    0x080029b0   0x080029b0   0x0000003e   Code   RO         2614    i.Sensor_ReadReg    sensor_i2c.o
    0x080029ee   0x080029ee   0x00000022   Code   RO         2615    i.Sensor_SCLOut     sensor_i2c.o
    0x08002a10   0x08002a10   0x00000020   Code   RO         2616    i.Sensor_SDAIn      sensor_i2c.o
    0x08002a30   0x08002a30   0x00000022   Code   RO         2617    i.Sensor_SDAOut     sensor_i2c.o
    0x08002a52   0x08002a52   0x0000002e   Code   RO         2618    i.Sensor_WriteReg   sensor_i2c.o
    0x08002a80   0x08002a80   0x0000016c   Code   RO         2619    i.SetAngelZero      sensor_i2c.o
    0x08002bec   0x08002bec   0x00000088   Code   RO         2119    i.SetSysClock       system_stm32f0xx.o
    0x08002c74   0x08002c74   0x00000010   Code   RO         2732    i.SetTimerTask      task.o
    0x08002c84   0x08002c84   0x00000068   Code   RO         2521    i.Sleep_IO_Init     gpio.o
    0x08002cec   0x08002cec   0x0000008c   Code   RO         2522    i.Sleep_Mode        gpio.o
    0x08002d78   0x08002d78   0x000001e0   Code   RO         2733    i.Switch_Status     task.o
    0x08002f58   0x08002f58   0x00000002   Code   RO         1931    i.SysTick_Handler   stm32f0xx_it.o
    0x08002f5a   0x08002f5a   0x00000002   PAD
    0x08002f5c   0x08002f5c   0x0000007c   Code   RO         2121    i.SystemInit        system_stm32f0xx.o
    0x08002fd8   0x08002fd8   0x00000040   Code   RO         1932    i.TIM3_IRQHandler   stm32f0xx_it.o
    0x08003018   0x08003018   0x00000090   Code   RO         2040    i.TIME_Configuration  time.o
    0x080030a8   0x080030a8   0x0000007c   Code   RO         2041    i.TIME_PWM_Configuration  time.o
    0x08003124   0x08003124   0x0000001e   Code   RO          447    i.TIM_CCxCmd        stm32f0xx_tim.o
    0x08003142   0x08003142   0x0000001e   Code   RO          448    i.TIM_CCxNCmd       stm32f0xx_tim.o
    0x08003160   0x08003160   0x00000006   Code   RO          449    i.TIM_ClearFlag     stm32f0xx_tim.o
    0x08003166   0x08003166   0x00000002   PAD
    0x08003168   0x08003168   0x0000001c   Code   RO          455    i.TIM_Cmd           stm32f0xx_tim.o
    0x08003184   0x08003184   0x00000022   Code   RO          457    i.TIM_CtrlPWMOutputs  stm32f0xx_tim.o
    0x080031a6   0x080031a6   0x00000002   PAD
    0x080031a8   0x080031a8   0x000000e8   Code   RO          460    i.TIM_DeInit        stm32f0xx_tim.o
    0x08003290   0x08003290   0x00000014   Code   RO          475    i.TIM_GetFlagStatus  stm32f0xx_tim.o
    0x080032a4   0x080032a4   0x00000014   Code   RO          480    i.TIM_ITConfig      stm32f0xx_tim.o
    0x080032b8   0x080032b8   0x00000094   Code   RO          484    i.TIM_OC1Init       stm32f0xx_tim.o
    0x0800334c   0x0800334c   0x00000018   Code   RO          485    i.TIM_OC1NPolarityConfig  stm32f0xx_tim.o
    0x08003364   0x08003364   0x000000ac   Code   RO          489    i.TIM_OC2Init       stm32f0xx_tim.o
    0x08003410   0x08003410   0x00000098   Code   RO          494    i.TIM_OC3Init       stm32f0xx_tim.o
    0x080034a8   0x080034a8   0x00000004   Code   RO          518    i.TIM_SetCompare1   stm32f0xx_tim.o
    0x080034ac   0x080034ac   0x00000004   Code   RO          519    i.TIM_SetCompare2   stm32f0xx_tim.o
    0x080034b0   0x080034b0   0x00000004   Code   RO          520    i.TIM_SetCompare3   stm32f0xx_tim.o
    0x080034b4   0x080034b4   0x0000007c   Code   RO          528    i.TIM_TimeBaseInit  stm32f0xx_tim.o
    0x08003530   0x08003530   0x0000001c   Code   RO         2734    i.TasksDispatch     task.o
    0x0800354c   0x0800354c   0x00000064   Code   RO         2736    i.Tasks_Load        task.o
    0x080035b0   0x080035b0   0x00000068   Code   RO         1933    i.USART1_IRQHandler  stm32f0xx_it.o
    0x08003618   0x08003618   0x00000038   Code   RO         2471    i.USARTSendData     usart.o
    0x08003650   0x08003650   0x00000018   Code   RO         1202    i.USART_Cmd         stm32f0xx_usart.o
    0x08003668   0x08003668   0x00000040   Code   RO         2472    i.USART_GPIO_INIT   usart.o
    0x080036a8   0x080036a8   0x00000014   Code   RO         1210    i.USART_GetFlagStatus  stm32f0xx_usart.o
    0x080036bc   0x080036bc   0x0000004e   Code   RO         1211    i.USART_GetITStatus  stm32f0xx_usart.o
    0x0800370a   0x0800370a   0x00000042   Code   RO         1213    i.USART_ITConfig    stm32f0xx_usart.o
    0x0800374c   0x0800374c   0x000000d8   Code   RO         1214    i.USART_Init        stm32f0xx_usart.o
    0x08003824   0x08003824   0x0000000a   Code   RO         1226    i.USART_ReceiveData  stm32f0xx_usart.o
    0x0800382e   0x0800382e   0x00000008   Code   RO         1231    i.USART_SendData    stm32f0xx_usart.o
    0x08003836   0x08003836   0x00000002   PAD
    0x08003838   0x08003838   0x00000048   Code   RO         2566    i.WriteFlash        flash.o
    0x08003880   0x08003880   0x00000028   Code   RO         3078    i.__0sprintf        mc_p.l(printfa.o)
    0x080038a8   0x080038a8   0x0000002e   Code   RO         3173    i.__ARM_clz         mf_p.l(depilogue.o)
    0x080038d6   0x080038d6   0x0000001c   Code   RO         2447    i.__ARM_common_switch8  charging.o
    0x080038f2   0x080038f2   0x00000002   PAD
    0x080038f4   0x080038f4   0x0000002c   Code   RO         3136    i.__ARM_fpclassify  m_ps.l(fpclassify.o)
    0x08003920   0x08003920   0x000000ac   Code   RO         3138    i.__kernel_poly     m_ps.l(poly.o)
    0x080039cc   0x080039cc   0x0000000a   Code   RO         3123    i.__mathlib_dbl_infnan  m_ps.l(dunder.o)
    0x080039d6   0x080039d6   0x00000002   PAD
    0x080039d8   0x080039d8   0x00000014   Code   RO         3128    i.__mathlib_dbl_underflow  m_ps.l(dunder.o)
    0x080039ec   0x080039ec   0x0000000e   Code   RO         3197    i.__scatterload_copy  mc_p.l(handlers.o)
    0x080039fa   0x080039fa   0x00000002   Code   RO         3198    i.__scatterload_null  mc_p.l(handlers.o)
    0x080039fc   0x080039fc   0x0000000e   Code   RO         3199    i.__scatterload_zeroinit  mc_p.l(handlers.o)
    0x08003a0a   0x08003a0a   0x00000002   PAD
    0x08003a0c   0x08003a0c   0x0000000c   Code   RO         3163    i.__set_errno       mc_p.l(errno.o)
    0x08003a18   0x08003a18   0x00000174   Code   RO         3083    i._fp_digits        mc_p.l(printfa.o)
    0x08003b8c   0x08003b8c   0x000006ec   Code   RO         3084    i._printf_core      mc_p.l(printfa.o)
    0x08004278   0x08004278   0x00000020   Code   RO         3085    i._printf_post_padding  mc_p.l(printfa.o)
    0x08004298   0x08004298   0x0000002c   Code   RO         3086    i._printf_pre_padding  mc_p.l(printfa.o)
    0x080042c4   0x080042c4   0x0000000a   Code   RO         3088    i._sputc            mc_p.l(printfa.o)
    0x080042ce   0x080042ce   0x00000002   PAD
    0x080042d0   0x080042d0   0x0000021c   Code   RO         2819    i.atan              m_ps.l(atan.o)
    0x080044ec   0x080044ec   0x00000040   Code   RO         1889    i.main              main.o
    0x0800452c   0x0800452c   0x00000048   Code   RO         2829    i.sqrt              m_ps.l(sqrt.o)
    0x08004574   0x08004574   0x00000004   PAD
    0x08004578   0x08004578   0x00000098   Data   RO         2820    .constdata          m_ps.l(atan.o)
    0x08004610   0x08004610   0x00000020   Data   RO         3195    Region$$Table       anon$$obj.o


    Execution Region RW_IRAM1 (Exec base: 0x20000000, Load base: 0x08004630, Size: 0x00000540, Max: 0x00002000, ABSOLUTE)

    Exec Addr    Load Addr    Size         Type   Attr      Idx    E Section Name        Object

    0x20000000   0x08004630   0x00000010   Data   RW          196    .data               stm32f0xx_rcc.o
    0x20000010   0x08004640   0x00000003   Data   RW         1934    .data               stm32f0xx_it.o
    0x20000013   0x08004643   0x00000001   PAD
    0x20000014   0x08004644   0x00000004   Data   RW         2005    .data               key.o
    0x20000018   0x08004648   0x0000000a   Data   RW         2160    .data               adc.o
    0x20000022   0x08004652   0x00000004   Data   RW         2204    .data               common.o
    0x20000026   0x08004656   0x0000000a   Data   RW         2241    .data               ld.o
    0x20000030   0x08004660   0x00000038   Data   RW         2380    .data               charging.o
    0x20000068   0x08004698   0x00000005   Data   RW         2474    .data               usart.o
    0x2000006d   0x0800469d   0x00000003   PAD
    0x20000070   0x080046a0   0x00000018   Data   RW         2620    .data               sensor_i2c.o
    0x20000088   0x080046b8   0x00000014   Data   RW         2738    .data               task.o
    0x2000009c   0x080046cc   0x00000004   Data   RW         3164    .data               mc_p.l(errno.o)
    0x200000a0        -       0x00000064   Zero   RW         2473    .bss                usart.o
    0x20000104        -       0x0000001c   Zero   RW         2567    .bss                flash.o
    0x20000120        -       0x0000001c   Zero   RW         2737    .bss                task.o
    0x2000013c   0x080046d0   0x00000004   PAD
    0x20000140        -       0x00000400   Zero   RW            1    STACK               startup_stm32f030x8.o


==============================================================================

Image component sizes


      Code (inc. data)   RO Data    RW Data    ZI Data      Debug   Object Name

       258         34          0         10          0       2500   adc.o
       824         92          0         56          0       3803   charging.o
        40         12          0          4          0        709   common.o
       196         30          0          0         28       2678   flash.o
       552         48          0          0          0       2178   gpio.o
       220         18          0          4          0        910   key.o
      1548         92          0         10          0       1680   ld.o
        64         10          0          0          0       1011   main.o
      1994        196          0         24          0      10633   sensor_i2c.o
        28          8        192          0       1024        760   startup_stm32f030x8.o
       262          8          0          0          0       5807   stm32f0xx_adc.o
       208         28          0          0          0       2598   stm32f0xx_exti.o
       352         38          0          0          0       4403   stm32f0xx_flash.o
       240          0          0          0          0     151403   stm32f0xx_gpio.o
       204         32          0          3          0       3975   stm32f0xx_it.o
       112          6          0          0          0        936   stm32f0xx_misc.o
        68          8          0          0          0        656   stm32f0xx_pwr.o
       580         48          0         16          0       5235   stm32f0xx_rcc.o
        64          4          0          0          0        644   stm32f0xx_syscfg.o
      1032        154          0          0          0      10418   stm32f0xx_tim.o
       422         14          0          0          0       5449   stm32f0xx_usart.o
       260         24          0          0          0       1385   system_stm32f0xx.o
      1316        170          0         20         28       6009   task.o
       668         48          0          0          0       5738   time.o
       644        168          0          5        100       3094   usart.o

    ----------------------------------------------------------------------
     12180       1290        224        156       1184     234612   Object Totals
         0          0         32          0          0          0   (incl. Generated)
        24          0          0          4          4          0   (incl. Padding)

    ----------------------------------------------------------------------

      Code (inc. data)   RO Data    RW Data    ZI Data      Debug   Library Member Name

       540         68        152          0          0        112   atan.o
        30          6          0          0          0        136   dunder.o
        44          4          0          0          0         60   fpclassify.o
       172          0          0          0          0         76   poly.o
        72          6          0          0          0         76   sqrt.o
         0          0          0          0          0          0   entry.o
         0          0          0          0          0          0   entry10a.o
         0          0          0          0          0          0   entry11a.o
         8          4          0          0          0          0   entry2.o
         4          0          0          0          0          0   entry5.o
         0          0          0          0          0          0   entry7b.o
         0          0          0          0          0          0   entry8b.o
         8          4          0          0          0          0   entry9a.o
        12          6          0          4          0         60   errno.o
        30          0          0          0          0          0   handlers.o
        40          0          0          0          0         72   idiv.o
        36          8          0          0          0         68   init.o
         0          0          0          0          0          0   iusefp.o
        32          0          0          0          0         68   llshl.o
        38          0          0          0          0         68   llsshr.o
        34          0          0          0          0         68   llushr.o
      2270         94          0          0          0        472   printfa.o
        44          0          0          0          0         72   uidiv.o
        96          0          0          0          0         84   uldiv.o
        40          2          0          0          0         68   cdrcmple.o
        56          0          0          0          0         68   d2f.o
       356          4          0          0          0        140   dadd.o
       240          6          0          0          0         84   ddiv.o
       236          0          0          0          0        216   depilogue.o
        72         10          0          0          0         72   dfixi.o
        64         10          0          0          0         68   dfixul.o
        40          6          0          0          0         68   dflti.o
       208          6          0          0          0         88   dmul.o
        44          0          0          0          0         72   dscalb.o
       162          0          0          0          0         80   dsqrt.o
        40          0          0          0          0         60   f2d.o
       124          0          0          0          0         72   fdiv.o
       130          0          0          0          0        144   fepilogue.o
        50          0          0          0          0         60   ffixi.o
        22          0          0          0          0         68   fflti.o

    ----------------------------------------------------------------------
      5412        248        152          4          0       2920   Library Totals
        18          4          0          0          0          0   (incl. Padding)

    ----------------------------------------------------------------------

      Code (inc. data)   RO Data    RW Data    ZI Data      Debug   Library Name

       858         84        152          0          0        460   m_ps.l
      2652        116          0          4          0       1032   mc_p.l
      1884         44          0          0          0       1428   mf_p.l

    ----------------------------------------------------------------------
      5412        248        152          4          0       2920   Library Totals

    ----------------------------------------------------------------------

==============================================================================


      Code (inc. data)   RO Data    RW Data    ZI Data      Debug   

     17592       1538        376        160       1184     230592   Grand Totals
     17592       1538        376        160       1184     230592   ELF Image Totals
     17592       1538        376        160          0          0   ROM Totals

==============================================================================

    Total RO  Size (Code + RO Data)                17968 (  17.55kB)
    Total RW  Size (RW Data + ZI Data)              1344 (   1.31kB)
    Total ROM Size (Code + RO Data + RW Data)      18128 (  17.70kB)

==============================================================================

