Component: ARM Compiler 5.06 (build 20) Tool: armlink [4d35a3]

==============================================================================

Section Cross References

    startup_stm32f030x8.o(RESET) refers to startup_stm32f030x8.o(STACK) for __initial_sp
    startup_stm32f030x8.o(RESET) refers to startup_stm32f030x8.o(.text) for Reset_Handler
    startup_stm32f030x8.o(RESET) refers to stm32f0xx_it.o(i.NMI_Handler) for NMI_Handler
    startup_stm32f030x8.o(RESET) refers to stm32f0xx_it.o(i.HardFault_Handler) for HardFault_Handler
    startup_stm32f030x8.o(RESET) refers to stm32f0xx_it.o(i.SVC_Handler) for SVC_Handler
    startup_stm32f030x8.o(RESET) refers to stm32f0xx_it.o(i.PendSV_Handler) for PendSV_Handler
    startup_stm32f030x8.o(RESET) refers to stm32f0xx_it.o(i.SysTick_Handler) for SysTick_Handler
    startup_stm32f030x8.o(RESET) refers to stm32f0xx_it.o(i.TIM3_IRQHandler) for TIM3_IRQHandler
    startup_stm32f030x8.o(.text) refers to system_stm32f0xx.o(i.SystemInit) for SystemInit
    startup_stm32f030x8.o(.text) refers to entry.o(.ARM.Collect$$$$00000000) for __main
    stm32f0xx_gpio.o(i.GPIO_DeInit) refers to stm32f0xx_rcc.o(i.RCC_AHBPeriphResetCmd) for RCC_AHBPeriphResetCmd
    stm32f0xx_rcc.o(i.RCC_GetClocksFreq) refers to uidiv.o(.text) for __aeabi_uidivmod
    stm32f0xx_rcc.o(i.RCC_GetClocksFreq) refers to stm32f0xx_rcc.o(.data) for APBAHBPrescTable
    stm32f0xx_rcc.o(i.RCC_WaitForHSEStartUp) refers to stm32f0xx_rcc.o(i.RCC_GetFlagStatus) for RCC_GetFlagStatus
    stm32f0xx_tim.o(i.TIM_DeInit) refers to stm32f0xx_rcc.o(i.RCC_APB2PeriphResetCmd) for RCC_APB2PeriphResetCmd
    stm32f0xx_tim.o(i.TIM_DeInit) refers to stm32f0xx_rcc.o(i.RCC_APB1PeriphResetCmd) for RCC_APB1PeriphResetCmd
    stm32f0xx_tim.o(i.TIM_ETRClockMode1Config) refers to stm32f0xx_tim.o(i.TIM_ETRConfig) for TIM_ETRConfig
    stm32f0xx_tim.o(i.TIM_ETRClockMode2Config) refers to stm32f0xx_tim.o(i.TIM_ETRConfig) for TIM_ETRConfig
    stm32f0xx_tim.o(i.TIM_ICInit) refers to stm32f0xx_tim.o(i.TI1_Config) for TI1_Config
    stm32f0xx_tim.o(i.TIM_ICInit) refers to stm32f0xx_tim.o(i.TIM_SetIC1Prescaler) for TIM_SetIC1Prescaler
    stm32f0xx_tim.o(i.TIM_ICInit) refers to stm32f0xx_tim.o(i.TI2_Config) for TI2_Config
    stm32f0xx_tim.o(i.TIM_ICInit) refers to stm32f0xx_tim.o(i.TIM_SetIC2Prescaler) for TIM_SetIC2Prescaler
    stm32f0xx_tim.o(i.TIM_ICInit) refers to stm32f0xx_tim.o(i.TI3_Config) for TI3_Config
    stm32f0xx_tim.o(i.TIM_ICInit) refers to stm32f0xx_tim.o(i.TIM_SetIC3Prescaler) for TIM_SetIC3Prescaler
    stm32f0xx_tim.o(i.TIM_ICInit) refers to stm32f0xx_tim.o(i.TI4_Config) for TI4_Config
    stm32f0xx_tim.o(i.TIM_ICInit) refers to stm32f0xx_tim.o(i.TIM_SetIC4Prescaler) for TIM_SetIC4Prescaler
    stm32f0xx_tim.o(i.TIM_ITRxExternalClockConfig) refers to stm32f0xx_tim.o(i.TIM_SelectInputTrigger) for TIM_SelectInputTrigger
    stm32f0xx_tim.o(i.TIM_PWMIConfig) refers to stm32f0xx_tim.o(i.TI1_Config) for TI1_Config
    stm32f0xx_tim.o(i.TIM_PWMIConfig) refers to stm32f0xx_tim.o(i.TIM_SetIC1Prescaler) for TIM_SetIC1Prescaler
    stm32f0xx_tim.o(i.TIM_PWMIConfig) refers to stm32f0xx_tim.o(i.TI2_Config) for TI2_Config
    stm32f0xx_tim.o(i.TIM_PWMIConfig) refers to stm32f0xx_tim.o(i.TIM_SetIC2Prescaler) for TIM_SetIC2Prescaler
    stm32f0xx_tim.o(i.TIM_TIxExternalClockConfig) refers to stm32f0xx_tim.o(i.TI2_Config) for TI2_Config
    stm32f0xx_tim.o(i.TIM_TIxExternalClockConfig) refers to stm32f0xx_tim.o(i.TI1_Config) for TI1_Config
    stm32f0xx_tim.o(i.TIM_TIxExternalClockConfig) refers to stm32f0xx_tim.o(i.TIM_SelectInputTrigger) for TIM_SelectInputTrigger
    stm32f0xx_adc.o(i.ADC_DeInit) refers to stm32f0xx_rcc.o(i.RCC_APB2PeriphResetCmd) for RCC_APB2PeriphResetCmd
    main.o(i.main) refers to common.o(i.Delay_Init) for Delay_Init
    main.o(i.main) refers to key.o(i.GPIO_Configuration) for GPIO_Configuration
    main.o(i.main) refers to adc.o(i.ADC_Configuration) for ADC_Configuration
    main.o(i.main) refers to stm32f0xx_gpio.o(i.GPIO_ReadInputDataBit) for GPIO_ReadInputDataBit
    main.o(i.main) refers to time.o(i.TimerTasks_CH_Init) for TimerTasks_CH_Init
    main.o(i.main) refers to time.o(i.TIME_Configuration) for TIME_Configuration
    main.o(i.main) refers to time.o(i.NVIC_TIME_Configuration) for NVIC_TIME_Configuration
    main.o(i.main) refers to time.o(i.TimerGotoSleep) for TimerGotoSleep
    main.o(i.main) refers to stm32f0xx_gpio.o(i.GPIO_SetBits) for GPIO_SetBits
    main.o(i.main) refers to common.o(i.Delay_ms) for Delay_ms
    main.o(i.main) refers to time.o(i.TimerTasksInit) for TimerTasksInit
    main.o(i.main) refers to time.o(i.TimerTasksDispatch) for TimerTasksDispatch
    main.o(i.main) refers to stm32f0xx_gpio.o(i.GPIO_ResetBits) for GPIO_ResetBits
    main.o(i.main) refers to key.o(.data) for Keys_Data
    main.o(i.main) refers to main.o(.data) for LD_Mode
    main.o(i.main) refers to time.o(.data) for Time_Init
    stm32f0xx_it.o(i.TIM3_IRQHandler) refers to stm32f0xx_tim.o(i.TIM_GetFlagStatus) for TIM_GetFlagStatus
    stm32f0xx_it.o(i.TIM3_IRQHandler) refers to time.o(i.UpdataTimer) for UpdataTimer
    stm32f0xx_it.o(i.TIM3_IRQHandler) refers to stm32f0xx_tim.o(i.TIM_ClearFlag) for TIM_ClearFlag
    key.o(i.GPIO_Configuration) refers to stm32f0xx_rcc.o(i.RCC_AHBPeriphClockCmd) for RCC_AHBPeriphClockCmd
    key.o(i.GPIO_Configuration) refers to stm32f0xx_gpio.o(i.GPIO_Init) for GPIO_Init
    key.o(i.GPIO_Configuration) refers to stm32f0xx_gpio.o(i.GPIO_ResetBits) for GPIO_ResetBits
    key.o(i.GPIO_Configuration) refers to stm32f0xx_gpio.o(i.GPIO_SetBits) for GPIO_SetBits
    key.o(i.KeysScan) refers to stm32f0xx_gpio.o(i.GPIO_ReadInputDataBit) for GPIO_ReadInputDataBit
    key.o(i.KeysScan) refers to time.o(i.TimerGotoSleep) for TimerGotoSleep
    key.o(i.KeysScan) refers to stm32f0xx_gpio.o(i.GPIO_ResetBits) for GPIO_ResetBits
    key.o(i.KeysScan) refers to time.o(i.TimerTasks_CH_Init) for TimerTasks_CH_Init
    key.o(i.KeysScan) refers to stm32f0xx_gpio.o(i.GPIO_SetBits) for GPIO_SetBits
    key.o(i.KeysScan) refers to key.o(.data) for Keys_Data
    key.o(i.KeysScan) refers to main.o(.data) for LD_Mode
    key.o(i.LP_RESET) refers to stm32f0xx_gpio.o(i.GPIO_ReadInputDataBit) for GPIO_ReadInputDataBit
    key.o(i.LP_RESET) refers to time.o(i.TimerGotoSleep) for TimerGotoSleep
    key.o(i.LP_RESET) refers to stm32f0xx_gpio.o(i.GPIO_ResetBits) for GPIO_ResetBits
    key.o(i.LP_RESET) refers to stm32f0xx_gpio.o(i.GPIO_SetBits) for GPIO_SetBits
    key.o(i.LP_RESET) refers to key.o(.data) for NUM_RESET
    key.o(i.LP_RESET) refers to main.o(.data) for LD_Mode
    key.o(i.Lock) refers to stm32f0xx_gpio.o(i.GPIO_ReadInputDataBit) for GPIO_ReadInputDataBit
    key.o(i.Lock) refers to stm32f0xx_gpio.o(i.GPIO_ResetBits) for GPIO_ResetBits
    key.o(i.Lock) refers to stm32f0xx_gpio.o(i.GPIO_WriteBit) for GPIO_WriteBit
    key.o(i.Lock) refers to stm32f0xx_gpio.o(i.GPIO_SetBits) for GPIO_SetBits
    key.o(i.Lock) refers to key.o(.data) for LED_LOCK
    time.o(i.NVIC_TIME_Configuration) refers to stm32f0xx_misc.o(i.NVIC_Init) for NVIC_Init
    time.o(i.ResetSoftTimer) refers to time.o(.bss) for TasksArray
    time.o(i.SetTimerTask) refers to time.o(.bss) for TasksArray
    time.o(i.TIME_Configuration) refers to stm32f0xx_rcc.o(i.RCC_APB1PeriphClockCmd) for RCC_APB1PeriphClockCmd
    time.o(i.TIME_Configuration) refers to stm32f0xx_tim.o(i.TIM_DeInit) for TIM_DeInit
    time.o(i.TIME_Configuration) refers to stm32f0xx_tim.o(i.TIM_TimeBaseInit) for TIM_TimeBaseInit
    time.o(i.TIME_Configuration) refers to stm32f0xx_tim.o(i.TIM_ClearFlag) for TIM_ClearFlag
    time.o(i.TIME_Configuration) refers to stm32f0xx_tim.o(i.TIM_ITConfig) for TIM_ITConfig
    time.o(i.TIME_Configuration) refers to stm32f0xx_tim.o(i.TIM_Cmd) for TIM_Cmd
    time.o(i.TimerGotoSleep) refers to time.o(.data) for TimerRunning
    time.o(i.TimerInit) refers to time.o(i.keilTimerTask) for keilTimerTask
    time.o(i.TimerReset) refers to time.o(i.ResetSoftTimer) for ResetSoftTimer
    time.o(i.TimerStart) refers to time.o(.data) for TimerRunning
    time.o(i.TimerTasksDispatch) refers to time.o(i.keilTimerTask) for keilTimerTask
    time.o(i.TimerTasksDispatch) refers to time.o(.bss) for TasksArray
    time.o(i.TimerTasksInit) refers to time.o(i.TimerInit) for TimerInit
    time.o(i.TimerTasksInit) refers to time.o(i.SetTimerTask) for SetTimerTask
    time.o(i.TimerTasksInit) refers to time.o(i.TimerStart) for TimerStart
    time.o(i.TimerTasksInit) refers to key.o(i.KeysScan) for KeysScan
    time.o(i.TimerTasksInit) refers to ld.o(i.LD_PWM_PULSE) for LD_PWM_PULSE
    time.o(i.TimerTasksInit) refers to ld.o(i.LD_PWM) for LD_PWM
    time.o(i.TimerTasksInit) refers to adc.o(i.ChargingProcessManagement) for ChargingProcessManagement
    time.o(i.TimerTasksInit) refers to key.o(i.Lock) for Lock
    time.o(i.TimerTasksInit) refers to key.o(i.LP_RESET) for LP_RESET
    time.o(i.TimerTasksInit) refers to time.o(.data) for Time_Init
    time.o(i.TimerTasks_CH_Init) refers to time.o(i.TimerInit) for TimerInit
    time.o(i.TimerTasks_CH_Init) refers to time.o(i.SetTimerTask) for SetTimerTask
    time.o(i.TimerTasks_CH_Init) refers to time.o(i.TimerStart) for TimerStart
    time.o(i.TimerTasks_CH_Init) refers to key.o(i.KeysScan) for KeysScan
    time.o(i.TimerTasks_CH_Init) refers to adc.o(i.ChargingProcessManagement) for ChargingProcessManagement
    time.o(i.TimerTasks_CH_Init) refers to time.o(.data) for Time_Init
    time.o(i.UpdataTimer) refers to time.o(.data) for TimerRunning
    time.o(i.UpdataTimer) refers to time.o(.bss) for TasksArray
    time.o(i.keilTimerTask) refers to time.o(.bss) for TasksArray
    system_stm32f0xx.o(i.SystemCoreClockUpdate) refers to uidiv.o(.text) for __aeabi_uidivmod
    system_stm32f0xx.o(i.SystemCoreClockUpdate) refers to system_stm32f0xx.o(.data) for SystemCoreClock
    system_stm32f0xx.o(i.SystemInit) refers to system_stm32f0xx.o(i.SetSysClock) for SetSysClock
    adc.o(i.ADC_Configuration) refers to stm32f0xx_rcc.o(i.RCC_APB2PeriphClockCmd) for RCC_APB2PeriphClockCmd
    adc.o(i.ADC_Configuration) refers to stm32f0xx_adc.o(i.ADC_DeInit) for ADC_DeInit
    adc.o(i.ADC_Configuration) refers to stm32f0xx_adc.o(i.ADC_StructInit) for ADC_StructInit
    adc.o(i.ADC_Configuration) refers to adc.o(i.ADC_GPIO_INIT) for ADC_GPIO_INIT
    adc.o(i.ADC_Configuration) refers to stm32f0xx_rcc.o(i.RCC_ADCCLKConfig) for RCC_ADCCLKConfig
    adc.o(i.ADC_Configuration) refers to stm32f0xx_adc.o(i.ADC_Init) for ADC_Init
    adc.o(i.ADC_Configuration) refers to stm32f0xx_adc.o(i.ADC_GetCalibrationFactor) for ADC_GetCalibrationFactor
    adc.o(i.ADC_Configuration) refers to stm32f0xx_adc.o(i.ADC_Cmd) for ADC_Cmd
    adc.o(i.ADC_Configuration) refers to stm32f0xx_adc.o(i.ADC_GetFlagStatus) for ADC_GetFlagStatus
    adc.o(i.ADC_GPIO_INIT) refers to stm32f0xx_rcc.o(i.RCC_AHBPeriphClockCmd) for RCC_AHBPeriphClockCmd
    adc.o(i.ADC_GPIO_INIT) refers to stm32f0xx_gpio.o(i.GPIO_Init) for GPIO_Init
    adc.o(i.ADC_Test) refers to adc.o(i.Get_Adc) for Get_Adc
    adc.o(i.ADC_Test) refers to stm32f0xx_gpio.o(i.GPIO_SetBits) for GPIO_SetBits
    adc.o(i.ADC_Test) refers to stm32f0xx_gpio.o(i.GPIO_ResetBits) for GPIO_ResetBits
    adc.o(i.ADC_Test) refers to adc.o(.data) for ADC_Colour
    adc.o(i.ChargingProcessManagement) refers to stm32f0xx_gpio.o(i.GPIO_ReadInputDataBit) for GPIO_ReadInputDataBit
    adc.o(i.ChargingProcessManagement) refers to stm32f0xx_gpio.o(i.GPIO_SetBits) for GPIO_SetBits
    adc.o(i.ChargingProcessManagement) refers to adc.o(i.ADC_Test) for ADC_Test
    adc.o(i.ChargingProcessManagement) refers to stm32f0xx_gpio.o(i.GPIO_ResetBits) for GPIO_ResetBits
    adc.o(i.ChargingProcessManagement) refers to stm32f0xx_gpio.o(i.GPIO_WriteBit) for GPIO_WriteBit
    adc.o(i.ChargingProcessManagement) refers to adc.o(.data) for ChargingStatus
    adc.o(i.ChargingProcessManagement) refers to time.o(.data) for Time_Init
    adc.o(i.Get_Adc) refers to stm32f0xx_adc.o(i.ADC_ChannelConfig) for ADC_ChannelConfig
    adc.o(i.Get_Adc) refers to stm32f0xx_adc.o(i.ADC_StartOfConversion) for ADC_StartOfConversion
    adc.o(i.Get_Adc) refers to time.o(i.ResetSoftTimer) for ResetSoftTimer
    adc.o(i.Get_Adc) refers to stm32f0xx_adc.o(i.ADC_GetFlagStatus) for ADC_GetFlagStatus
    adc.o(i.Get_Adc) refers to stm32f0xx_adc.o(i.ADC_GetConversionValue) for ADC_GetConversionValue
    common.o(i.Delay_Init) refers to common.o(.data) for g_ubMultiple_us
    common.o(i.Delay_ms) refers to common.o(.data) for g_uwMultiple_ms
    common.o(i.Delay_us) refers to common.o(.data) for g_ubMultiple_us
    ld.o(i.LD_PWM) refers to stm32f0xx_gpio.o(i.GPIO_ResetBits) for GPIO_ResetBits
    ld.o(i.LD_PWM) refers to stm32f0xx_gpio.o(i.GPIO_WriteBit) for GPIO_WriteBit
    ld.o(i.LD_PWM) refers to idiv.o(.text) for __aeabi_idivmod
    ld.o(i.LD_PWM) refers to main.o(.data) for LD_PULSE
    ld.o(i.LD_PWM) refers to key.o(.data) for LED_LOCK
    ld.o(i.LD_PWM) refers to ld.o(.data) for LD_PWM_10K
    ld.o(i.LD_PWM_PULSE) refers to stm32f0xx_gpio.o(i.GPIO_ResetBits) for GPIO_ResetBits
    ld.o(i.LD_PWM_PULSE) refers to stm32f0xx_gpio.o(i.GPIO_WriteBit) for GPIO_WriteBit
    ld.o(i.LD_PWM_PULSE) refers to main.o(.data) for LD_PULSE
    ld.o(i.LD_PWM_PULSE) refers to key.o(.data) for LED_LOCK
    ld.o(i.LD_PWM_PULSE) refers to ld.o(.data) for LD_PWM_7K
    entry.o(.ARM.Collect$$$$00000000) refers (Special) to entry10a.o(.ARM.Collect$$$$0000000D) for __rt_final_cpp
    entry.o(.ARM.Collect$$$$00000000) refers (Special) to entry11a.o(.ARM.Collect$$$$0000000F) for __rt_final_exit
    entry.o(.ARM.Collect$$$$00000000) refers (Special) to entry7b.o(.ARM.Collect$$$$00000008) for _main_clock
    entry.o(.ARM.Collect$$$$00000000) refers (Special) to entry8b.o(.ARM.Collect$$$$0000000A) for _main_cpp_init
    entry.o(.ARM.Collect$$$$00000000) refers (Special) to entry9a.o(.ARM.Collect$$$$0000000B) for _main_init
    entry.o(.ARM.Collect$$$$00000000) refers (Special) to entry5.o(.ARM.Collect$$$$00000004) for _main_scatterload
    entry.o(.ARM.Collect$$$$00000000) refers (Special) to entry2.o(.ARM.Collect$$$$00000001) for _main_stk
    idiv.o(.text) refers to uidiv.o(.text) for __aeabi_uidivmod
    entry2.o(.ARM.Collect$$$$00000001) refers to entry2.o(.ARM.Collect$$$$00002712) for __lit__00000000
    entry2.o(.ARM.Collect$$$$00002712) refers to startup_stm32f030x8.o(STACK) for __initial_sp
    entry2.o(__vectab_stack_and_reset_area) refers to startup_stm32f030x8.o(STACK) for __initial_sp
    entry2.o(__vectab_stack_and_reset_area) refers to entry.o(.ARM.Collect$$$$00000000) for __main
    entry5.o(.ARM.Collect$$$$00000004) refers to init.o(.text) for __scatterload
    entry9a.o(.ARM.Collect$$$$0000000B) refers to main.o(i.main) for main
    entry9b.o(.ARM.Collect$$$$0000000C) refers to main.o(i.main) for main
    init.o(.text) refers to entry5.o(.ARM.Collect$$$$00000004) for __main_after_scatterload


==============================================================================

Removing Unused input sections from the image.

    Removing startup_stm32f030x8.o(HEAP), (512 bytes).
    Removing stm32f0xx_gpio.o(.rev16_text), (4 bytes).
    Removing stm32f0xx_gpio.o(.revsh_text), (4 bytes).
    Removing stm32f0xx_gpio.o(i.GPIO_DeInit), (148 bytes).
    Removing stm32f0xx_gpio.o(i.GPIO_PinAFConfig), (68 bytes).
    Removing stm32f0xx_gpio.o(i.GPIO_PinLockConfig), (34 bytes).
    Removing stm32f0xx_gpio.o(i.GPIO_ReadInputData), (6 bytes).
    Removing stm32f0xx_gpio.o(i.GPIO_ReadOutputData), (6 bytes).
    Removing stm32f0xx_gpio.o(i.GPIO_ReadOutputDataBit), (20 bytes).
    Removing stm32f0xx_gpio.o(i.GPIO_StructInit), (24 bytes).
    Removing stm32f0xx_gpio.o(i.GPIO_Write), (4 bytes).
    Removing stm32f0xx_rcc.o(.rev16_text), (4 bytes).
    Removing stm32f0xx_rcc.o(.revsh_text), (4 bytes).
    Removing stm32f0xx_rcc.o(i.RCC_AHBPeriphResetCmd), (32 bytes).
    Removing stm32f0xx_rcc.o(i.RCC_AdjustHSI14CalibrationValue), (32 bytes).
    Removing stm32f0xx_rcc.o(i.RCC_AdjustHSICalibrationValue), (32 bytes).
    Removing stm32f0xx_rcc.o(i.RCC_BackupResetCmd), (40 bytes).
    Removing stm32f0xx_rcc.o(i.RCC_CECCLKConfig), (28 bytes).
    Removing stm32f0xx_rcc.o(i.RCC_ClearFlag), (20 bytes).
    Removing stm32f0xx_rcc.o(i.RCC_ClearITPendingBit), (12 bytes).
    Removing stm32f0xx_rcc.o(i.RCC_ClockSecuritySystemCmd), (40 bytes).
    Removing stm32f0xx_rcc.o(i.RCC_DeInit), (116 bytes).
    Removing stm32f0xx_rcc.o(i.RCC_GetClocksFreq), (364 bytes).
    Removing stm32f0xx_rcc.o(i.RCC_GetFlagStatus), (72 bytes).
    Removing stm32f0xx_rcc.o(i.RCC_GetITStatus), (28 bytes).
    Removing stm32f0xx_rcc.o(i.RCC_GetSYSCLKSource), (16 bytes).
    Removing stm32f0xx_rcc.o(i.RCC_HCLKConfig), (32 bytes).
    Removing stm32f0xx_rcc.o(i.RCC_HSEConfig), (16 bytes).
    Removing stm32f0xx_rcc.o(i.RCC_HSI14ADCRequestCmd), (36 bytes).
    Removing stm32f0xx_rcc.o(i.RCC_HSI14Cmd), (36 bytes).
    Removing stm32f0xx_rcc.o(i.RCC_HSICmd), (36 bytes).
    Removing stm32f0xx_rcc.o(i.RCC_I2CCLKConfig), (28 bytes).
    Removing stm32f0xx_rcc.o(i.RCC_ITConfig), (32 bytes).
    Removing stm32f0xx_rcc.o(i.RCC_LSEConfig), (40 bytes).
    Removing stm32f0xx_rcc.o(i.RCC_LSEDriveConfig), (28 bytes).
    Removing stm32f0xx_rcc.o(i.RCC_LSICmd), (36 bytes).
    Removing stm32f0xx_rcc.o(i.RCC_MCOConfig), (12 bytes).
    Removing stm32f0xx_rcc.o(i.RCC_PCLKConfig), (36 bytes).
    Removing stm32f0xx_rcc.o(i.RCC_PLLCmd), (40 bytes).
    Removing stm32f0xx_rcc.o(i.RCC_PLLConfig), (36 bytes).
    Removing stm32f0xx_rcc.o(i.RCC_PREDIV1Config), (28 bytes).
    Removing stm32f0xx_rcc.o(i.RCC_RTCCLKCmd), (40 bytes).
    Removing stm32f0xx_rcc.o(i.RCC_RTCCLKConfig), (16 bytes).
    Removing stm32f0xx_rcc.o(i.RCC_SYSCLKConfig), (28 bytes).
    Removing stm32f0xx_rcc.o(i.RCC_USARTCLKConfig), (28 bytes).
    Removing stm32f0xx_rcc.o(i.RCC_WaitForHSEStartUp), (60 bytes).
    Removing stm32f0xx_rcc.o(.data), (16 bytes).
    Removing stm32f0xx_misc.o(.rev16_text), (4 bytes).
    Removing stm32f0xx_misc.o(.revsh_text), (4 bytes).
    Removing stm32f0xx_misc.o(i.NVIC_SystemLPConfig), (32 bytes).
    Removing stm32f0xx_misc.o(i.SysTick_CLKSourceConfig), (36 bytes).
    Removing stm32f0xx_tim.o(.rev16_text), (4 bytes).
    Removing stm32f0xx_tim.o(.revsh_text), (4 bytes).
    Removing stm32f0xx_tim.o(i.TI1_Config), (56 bytes).
    Removing stm32f0xx_tim.o(i.TI2_Config), (76 bytes).
    Removing stm32f0xx_tim.o(i.TI3_Config), (72 bytes).
    Removing stm32f0xx_tim.o(i.TI4_Config), (80 bytes).
    Removing stm32f0xx_tim.o(i.TIM_ARRPreloadConfig), (28 bytes).
    Removing stm32f0xx_tim.o(i.TIM_BDTRConfig), (32 bytes).
    Removing stm32f0xx_tim.o(i.TIM_BDTRStructInit), (18 bytes).
    Removing stm32f0xx_tim.o(i.TIM_CCPreloadControl), (28 bytes).
    Removing stm32f0xx_tim.o(i.TIM_CCxCmd), (30 bytes).
    Removing stm32f0xx_tim.o(i.TIM_CCxNCmd), (30 bytes).
    Removing stm32f0xx_tim.o(i.TIM_ClearITPendingBit), (6 bytes).
    Removing stm32f0xx_tim.o(i.TIM_ClearOC1Ref), (24 bytes).
    Removing stm32f0xx_tim.o(i.TIM_ClearOC2Ref), (20 bytes).
    Removing stm32f0xx_tim.o(i.TIM_ClearOC3Ref), (24 bytes).
    Removing stm32f0xx_tim.o(i.TIM_ClearOC4Ref), (20 bytes).
    Removing stm32f0xx_tim.o(i.TIM_CounterModeConfig), (24 bytes).
    Removing stm32f0xx_tim.o(i.TIM_CtrlPWMOutputs), (34 bytes).
    Removing stm32f0xx_tim.o(i.TIM_DMACmd), (20 bytes).
    Removing stm32f0xx_tim.o(i.TIM_DMAConfig), (12 bytes).
    Removing stm32f0xx_tim.o(i.TIM_ETRClockMode1Config), (52 bytes).
    Removing stm32f0xx_tim.o(i.TIM_ETRClockMode2Config), (34 bytes).
    Removing stm32f0xx_tim.o(i.TIM_ETRConfig), (24 bytes).
    Removing stm32f0xx_tim.o(i.TIM_EncoderInterfaceConfig), (68 bytes).
    Removing stm32f0xx_tim.o(i.TIM_ForcedOC1Config), (24 bytes).
    Removing stm32f0xx_tim.o(i.TIM_ForcedOC2Config), (24 bytes).
    Removing stm32f0xx_tim.o(i.TIM_ForcedOC3Config), (24 bytes).
    Removing stm32f0xx_tim.o(i.TIM_ForcedOC4Config), (24 bytes).
    Removing stm32f0xx_tim.o(i.TIM_GenerateEvent), (4 bytes).
    Removing stm32f0xx_tim.o(i.TIM_GetCapture1), (6 bytes).
    Removing stm32f0xx_tim.o(i.TIM_GetCapture2), (6 bytes).
    Removing stm32f0xx_tim.o(i.TIM_GetCapture3), (6 bytes).
    Removing stm32f0xx_tim.o(i.TIM_GetCapture4), (6 bytes).
    Removing stm32f0xx_tim.o(i.TIM_GetCounter), (6 bytes).
    Removing stm32f0xx_tim.o(i.TIM_GetITStatus), (38 bytes).
    Removing stm32f0xx_tim.o(i.TIM_GetPrescaler), (6 bytes).
    Removing stm32f0xx_tim.o(i.TIM_ICInit), (112 bytes).
    Removing stm32f0xx_tim.o(i.TIM_ICStructInit), (18 bytes).
    Removing stm32f0xx_tim.o(i.TIM_ITRxExternalClockConfig), (24 bytes).
    Removing stm32f0xx_tim.o(i.TIM_InternalClockConfig), (16 bytes).
    Removing stm32f0xx_tim.o(i.TIM_OC1FastConfig), (24 bytes).
    Removing stm32f0xx_tim.o(i.TIM_OC1Init), (148 bytes).
    Removing stm32f0xx_tim.o(i.TIM_OC1NPolarityConfig), (24 bytes).
    Removing stm32f0xx_tim.o(i.TIM_OC1PolarityConfig), (24 bytes).
    Removing stm32f0xx_tim.o(i.TIM_OC1PreloadConfig), (24 bytes).
    Removing stm32f0xx_tim.o(i.TIM_OC2FastConfig), (24 bytes).
    Removing stm32f0xx_tim.o(i.TIM_OC2Init), (172 bytes).
    Removing stm32f0xx_tim.o(i.TIM_OC2NPolarityConfig), (24 bytes).
    Removing stm32f0xx_tim.o(i.TIM_OC2PolarityConfig), (24 bytes).
    Removing stm32f0xx_tim.o(i.TIM_OC2PreloadConfig), (24 bytes).
    Removing stm32f0xx_tim.o(i.TIM_OC3FastConfig), (24 bytes).
    Removing stm32f0xx_tim.o(i.TIM_OC3Init), (152 bytes).
    Removing stm32f0xx_tim.o(i.TIM_OC3NPolarityConfig), (24 bytes).
    Removing stm32f0xx_tim.o(i.TIM_OC3PolarityConfig), (24 bytes).
    Removing stm32f0xx_tim.o(i.TIM_OC3PreloadConfig), (24 bytes).
    Removing stm32f0xx_tim.o(i.TIM_OC4FastConfig), (24 bytes).
    Removing stm32f0xx_tim.o(i.TIM_OC4Init), (112 bytes).
    Removing stm32f0xx_tim.o(i.TIM_OC4PolarityConfig), (24 bytes).
    Removing stm32f0xx_tim.o(i.TIM_OC4PreloadConfig), (24 bytes).
    Removing stm32f0xx_tim.o(i.TIM_OCStructInit), (20 bytes).
    Removing stm32f0xx_tim.o(i.TIM_PWMIConfig), (124 bytes).
    Removing stm32f0xx_tim.o(i.TIM_PrescalerConfig), (6 bytes).
    Removing stm32f0xx_tim.o(i.TIM_RemapConfig), (6 bytes).
    Removing stm32f0xx_tim.o(i.TIM_SelectCCDMA), (28 bytes).
    Removing stm32f0xx_tim.o(i.TIM_SelectCOM), (28 bytes).
    Removing stm32f0xx_tim.o(i.TIM_SelectHallSensor), (28 bytes).
    Removing stm32f0xx_tim.o(i.TIM_SelectInputTrigger), (24 bytes).
    Removing stm32f0xx_tim.o(i.TIM_SelectMasterSlaveMode), (20 bytes).
    Removing stm32f0xx_tim.o(i.TIM_SelectOCREFClear), (20 bytes).
    Removing stm32f0xx_tim.o(i.TIM_SelectOCxM), (82 bytes).
    Removing stm32f0xx_tim.o(i.TIM_SelectOnePulseMode), (20 bytes).
    Removing stm32f0xx_tim.o(i.TIM_SelectOutputTrigger), (20 bytes).
    Removing stm32f0xx_tim.o(i.TIM_SelectSlaveMode), (20 bytes).
    Removing stm32f0xx_tim.o(i.TIM_SetAutoreload), (4 bytes).
    Removing stm32f0xx_tim.o(i.TIM_SetClockDivision), (20 bytes).
    Removing stm32f0xx_tim.o(i.TIM_SetCompare1), (4 bytes).
    Removing stm32f0xx_tim.o(i.TIM_SetCompare2), (4 bytes).
    Removing stm32f0xx_tim.o(i.TIM_SetCompare3), (4 bytes).
    Removing stm32f0xx_tim.o(i.TIM_SetCompare4), (4 bytes).
    Removing stm32f0xx_tim.o(i.TIM_SetCounter), (4 bytes).
    Removing stm32f0xx_tim.o(i.TIM_SetIC1Prescaler), (20 bytes).
    Removing stm32f0xx_tim.o(i.TIM_SetIC2Prescaler), (24 bytes).
    Removing stm32f0xx_tim.o(i.TIM_SetIC3Prescaler), (20 bytes).
    Removing stm32f0xx_tim.o(i.TIM_SetIC4Prescaler), (24 bytes).
    Removing stm32f0xx_tim.o(i.TIM_TIxExternalClockConfig), (58 bytes).
    Removing stm32f0xx_tim.o(i.TIM_TimeBaseStructInit), (18 bytes).
    Removing stm32f0xx_tim.o(i.TIM_UpdateDisableConfig), (28 bytes).
    Removing stm32f0xx_tim.o(i.TIM_UpdateRequestConfig), (28 bytes).
    Removing stm32f0xx_adc.o(.rev16_text), (4 bytes).
    Removing stm32f0xx_adc.o(.revsh_text), (4 bytes).
    Removing stm32f0xx_adc.o(i.ADC_AnalogWatchdogCmd), (28 bytes).
    Removing stm32f0xx_adc.o(i.ADC_AnalogWatchdogSingleChannelCmd), (28 bytes).
    Removing stm32f0xx_adc.o(i.ADC_AnalogWatchdogSingleChannelConfig), (28 bytes).
    Removing stm32f0xx_adc.o(i.ADC_AnalogWatchdogThresholdsConfig), (8 bytes).
    Removing stm32f0xx_adc.o(i.ADC_AutoPowerOffCmd), (28 bytes).
    Removing stm32f0xx_adc.o(i.ADC_ClearFlag), (4 bytes).
    Removing stm32f0xx_adc.o(i.ADC_ClearITPendingBit), (4 bytes).
    Removing stm32f0xx_adc.o(i.ADC_ContinuousModeCmd), (28 bytes).
    Removing stm32f0xx_adc.o(i.ADC_DMACmd), (24 bytes).
    Removing stm32f0xx_adc.o(i.ADC_DMARequestModeConfig), (16 bytes).
    Removing stm32f0xx_adc.o(i.ADC_DiscModeCmd), (28 bytes).
    Removing stm32f0xx_adc.o(i.ADC_GetITStatus), (34 bytes).
    Removing stm32f0xx_adc.o(i.ADC_ITConfig), (20 bytes).
    Removing stm32f0xx_adc.o(i.ADC_JitterCmd), (20 bytes).
    Removing stm32f0xx_adc.o(i.ADC_OverrunModeCmd), (28 bytes).
    Removing stm32f0xx_adc.o(i.ADC_StopOfConversion), (10 bytes).
    Removing stm32f0xx_adc.o(i.ADC_TempSensorCmd), (40 bytes).
    Removing stm32f0xx_adc.o(i.ADC_VbatCmd), (40 bytes).
    Removing stm32f0xx_adc.o(i.ADC_VrefintCmd), (40 bytes).
    Removing stm32f0xx_adc.o(i.ADC_WaitModeCmd), (28 bytes).
    Removing main.o(.rev16_text), (4 bytes).
    Removing main.o(.revsh_text), (4 bytes).
    Removing stm32f0xx_it.o(.rev16_text), (4 bytes).
    Removing stm32f0xx_it.o(.revsh_text), (4 bytes).
    Removing key.o(.rev16_text), (4 bytes).
    Removing key.o(.revsh_text), (4 bytes).
    Removing time.o(.rev16_text), (4 bytes).
    Removing time.o(.revsh_text), (4 bytes).
    Removing time.o(i.TimerReset), (10 bytes).
    Removing system_stm32f0xx.o(.rev16_text), (4 bytes).
    Removing system_stm32f0xx.o(.revsh_text), (4 bytes).
    Removing system_stm32f0xx.o(i.SystemCoreClockUpdate), (176 bytes).
    Removing system_stm32f0xx.o(.data), (20 bytes).
    Removing adc.o(.rev16_text), (4 bytes).
    Removing adc.o(.revsh_text), (4 bytes).
    Removing common.o(.rev16_text), (4 bytes).
    Removing common.o(.revsh_text), (4 bytes).
    Removing common.o(i.Delay), (14 bytes).
    Removing common.o(i.Delay_us), (76 bytes).
    Removing ld.o(.rev16_text), (4 bytes).
    Removing ld.o(.revsh_text), (4 bytes).

183 unused section(s) (total 6076 bytes) removed from the image.

==============================================================================

Image Symbol Table

    Local Symbols

    Symbol Name                              Value     Ov Type        Size  Object(Section)

    ../clib/microlib/division.c              0x00000000   Number         0  uidiv.o ABSOLUTE
    ../clib/microlib/division.c              0x00000000   Number         0  idiv.o ABSOLUTE
    ../clib/microlib/init/entry.s            0x00000000   Number         0  entry9b.o ABSOLUTE
    ../clib/microlib/init/entry.s            0x00000000   Number         0  entry9a.o ABSOLUTE
    ../clib/microlib/init/entry.s            0x00000000   Number         0  entry7a.o ABSOLUTE
    ../clib/microlib/init/entry.s            0x00000000   Number         0  entry7b.o ABSOLUTE
    ../clib/microlib/init/entry.s            0x00000000   Number         0  entry8b.o ABSOLUTE
    ../clib/microlib/init/entry.s            0x00000000   Number         0  entry8a.o ABSOLUTE
    ../clib/microlib/init/entry.s            0x00000000   Number         0  entry.o ABSOLUTE
    ../clib/microlib/init/entry.s            0x00000000   Number         0  entry2.o ABSOLUTE
    ../clib/microlib/init/entry.s            0x00000000   Number         0  entry5.o ABSOLUTE
    ../clib/microlib/init/entry.s            0x00000000   Number         0  entry11b.o ABSOLUTE
    ../clib/microlib/init/entry.s            0x00000000   Number         0  entry11a.o ABSOLUTE
    ../clib/microlib/init/entry.s            0x00000000   Number         0  entry10b.o ABSOLUTE
    ../clib/microlib/init/entry.s            0x00000000   Number         0  entry10a.o ABSOLUTE
    ..\Libraries\CMSIS\Device\ST\STM32F0xx\Source\Templates\arm\startup_stm32f030x8.s 0x00000000   Number         0  startup_stm32f030x8.o ABSOLUTE
    ..\Libraries\FWlib\src\stm32f0xx_adc.c   0x00000000   Number         0  stm32f0xx_adc.o ABSOLUTE
    ..\Libraries\FWlib\src\stm32f0xx_gpio.c  0x00000000   Number         0  stm32f0xx_gpio.o ABSOLUTE
    ..\Libraries\FWlib\src\stm32f0xx_misc.c  0x00000000   Number         0  stm32f0xx_misc.o ABSOLUTE
    ..\Libraries\FWlib\src\stm32f0xx_rcc.c   0x00000000   Number         0  stm32f0xx_rcc.o ABSOLUTE
    ..\Libraries\FWlib\src\stm32f0xx_tim.c   0x00000000   Number         0  stm32f0xx_tim.o ABSOLUTE
    ..\User\ADC.c                            0x00000000   Number         0  adc.o ABSOLUTE
    ..\User\LD.c                             0x00000000   Number         0  ld.o ABSOLUTE
    ..\User\common.c                         0x00000000   Number         0  common.o ABSOLUTE
    ..\User\key.c                            0x00000000   Number         0  key.o ABSOLUTE
    ..\User\main.c                           0x00000000   Number         0  main.o ABSOLUTE
    ..\User\stm32f0xx_it.c                   0x00000000   Number         0  stm32f0xx_it.o ABSOLUTE
    ..\User\system_stm32f0xx.c               0x00000000   Number         0  system_stm32f0xx.o ABSOLUTE
    ..\User\time.c                           0x00000000   Number         0  time.o ABSOLUTE
    ..\\Libraries\\FWlib\\src\\stm32f0xx_adc.c 0x00000000   Number         0  stm32f0xx_adc.o ABSOLUTE
    ..\\Libraries\\FWlib\\src\\stm32f0xx_gpio.c 0x00000000   Number         0  stm32f0xx_gpio.o ABSOLUTE
    ..\\Libraries\\FWlib\\src\\stm32f0xx_misc.c 0x00000000   Number         0  stm32f0xx_misc.o ABSOLUTE
    ..\\Libraries\\FWlib\\src\\stm32f0xx_rcc.c 0x00000000   Number         0  stm32f0xx_rcc.o ABSOLUTE
    ..\\Libraries\\FWlib\\src\\stm32f0xx_tim.c 0x00000000   Number         0  stm32f0xx_tim.o ABSOLUTE
    ..\\User\\ADC.c                          0x00000000   Number         0  adc.o ABSOLUTE
    ..\\User\\LD.c                           0x00000000   Number         0  ld.o ABSOLUTE
    ..\\User\\common.c                       0x00000000   Number         0  common.o ABSOLUTE
    ..\\User\\key.c                          0x00000000   Number         0  key.o ABSOLUTE
    ..\\User\\main.c                         0x00000000   Number         0  main.o ABSOLUTE
    ..\\User\\stm32f0xx_it.c                 0x00000000   Number         0  stm32f0xx_it.o ABSOLUTE
    ..\\User\\system_stm32f0xx.c             0x00000000   Number         0  system_stm32f0xx.o ABSOLUTE
    ..\\User\\time.c                         0x00000000   Number         0  time.o ABSOLUTE
    dc.s                                     0x00000000   Number         0  dc.o ABSOLUTE
    handlers.s                               0x00000000   Number         0  handlers.o ABSOLUTE
    init.s                                   0x00000000   Number         0  init.o ABSOLUTE
    RESET                                    0x08000000   Section      192  startup_stm32f030x8.o(RESET)
    .ARM.Collect$$$$00000000                 0x080000c0   Section        0  entry.o(.ARM.Collect$$$$00000000)
    .ARM.Collect$$$$00000001                 0x080000c0   Section        4  entry2.o(.ARM.Collect$$$$00000001)
    .ARM.Collect$$$$00000004                 0x080000c4   Section        4  entry5.o(.ARM.Collect$$$$00000004)
    .ARM.Collect$$$$00000008                 0x080000c8   Section        0  entry7b.o(.ARM.Collect$$$$00000008)
    .ARM.Collect$$$$0000000A                 0x080000c8   Section        0  entry8b.o(.ARM.Collect$$$$0000000A)
    .ARM.Collect$$$$0000000B                 0x080000c8   Section        8  entry9a.o(.ARM.Collect$$$$0000000B)
    .ARM.Collect$$$$0000000D                 0x080000d0   Section        0  entry10a.o(.ARM.Collect$$$$0000000D)
    .ARM.Collect$$$$0000000F                 0x080000d0   Section        0  entry11a.o(.ARM.Collect$$$$0000000F)
    .ARM.Collect$$$$00002712                 0x080000d0   Section        4  entry2.o(.ARM.Collect$$$$00002712)
    __lit__00000000                          0x080000d0   Data           4  entry2.o(.ARM.Collect$$$$00002712)
    .text                                    0x080000d4   Section       28  startup_stm32f030x8.o(.text)
    .text                                    0x080000f0   Section        0  uidiv.o(.text)
    .text                                    0x0800011c   Section        0  idiv.o(.text)
    .text                                    0x08000144   Section       36  init.o(.text)
    i.ADC_ChannelConfig                      0x08000168   Section        0  stm32f0xx_adc.o(i.ADC_ChannelConfig)
    i.ADC_Cmd                                0x08000180   Section        0  stm32f0xx_adc.o(i.ADC_Cmd)
    i.ADC_Configuration                      0x08000198   Section        0  adc.o(i.ADC_Configuration)
    i.ADC_DeInit                             0x08000200   Section        0  stm32f0xx_adc.o(i.ADC_DeInit)
    i.ADC_GPIO_INIT                          0x08000220   Section        0  adc.o(i.ADC_GPIO_INIT)
    i.ADC_GetCalibrationFactor               0x0800023e   Section        0  stm32f0xx_adc.o(i.ADC_GetCalibrationFactor)
    i.ADC_GetConversionValue                 0x0800027a   Section        0  stm32f0xx_adc.o(i.ADC_GetConversionValue)
    i.ADC_GetFlagStatus                      0x08000282   Section        0  stm32f0xx_adc.o(i.ADC_GetFlagStatus)
    i.ADC_Init                               0x080002b4   Section        0  stm32f0xx_adc.o(i.ADC_Init)
    i.ADC_StartOfConversion                  0x080002e0   Section        0  stm32f0xx_adc.o(i.ADC_StartOfConversion)
    i.ADC_StructInit                         0x080002ea   Section        0  stm32f0xx_adc.o(i.ADC_StructInit)
    i.ADC_Test                               0x080002fc   Section        0  adc.o(i.ADC_Test)
    i.ChargingProcessManagement              0x08000388   Section        0  adc.o(i.ChargingProcessManagement)
    i.Delay_Init                             0x080004a8   Section        0  common.o(i.Delay_Init)
    i.Delay_ms                               0x080004d0   Section        0  common.o(i.Delay_ms)
    i.GPIO_Configuration                     0x0800051c   Section        0  key.o(i.GPIO_Configuration)
    i.GPIO_Init                              0x080006a4   Section        0  stm32f0xx_gpio.o(i.GPIO_Init)
    i.GPIO_ReadInputDataBit                  0x08000734   Section        0  stm32f0xx_gpio.o(i.GPIO_ReadInputDataBit)
    i.GPIO_ResetBits                         0x08000748   Section        0  stm32f0xx_gpio.o(i.GPIO_ResetBits)
    i.GPIO_SetBits                           0x0800074c   Section        0  stm32f0xx_gpio.o(i.GPIO_SetBits)
    i.GPIO_WriteBit                          0x08000750   Section        0  stm32f0xx_gpio.o(i.GPIO_WriteBit)
    i.Get_Adc                                0x0800075c   Section        0  adc.o(i.Get_Adc)
    i.HardFault_Handler                      0x08000790   Section        0  stm32f0xx_it.o(i.HardFault_Handler)
    i.KeysScan                               0x08000794   Section        0  key.o(i.KeysScan)
    i.LD_PWM                                 0x080008cc   Section        0  ld.o(i.LD_PWM)
    i.LD_PWM_PULSE                           0x080009e8   Section        0  ld.o(i.LD_PWM_PULSE)
    i.LP_RESET                               0x08000b04   Section        0  key.o(i.LP_RESET)
    i.Lock                                   0x08000bd8   Section        0  key.o(i.Lock)
    i.NMI_Handler                            0x08000c50   Section        0  stm32f0xx_it.o(i.NMI_Handler)
    i.NVIC_Init                              0x08000c54   Section        0  stm32f0xx_misc.o(i.NVIC_Init)
    i.NVIC_TIME_Configuration                0x08000cc4   Section        0  time.o(i.NVIC_TIME_Configuration)
    i.PendSV_Handler                         0x08000cda   Section        0  stm32f0xx_it.o(i.PendSV_Handler)
    i.RCC_ADCCLKConfig                       0x08000cdc   Section        0  stm32f0xx_rcc.o(i.RCC_ADCCLKConfig)
    i.RCC_AHBPeriphClockCmd                  0x08000d14   Section        0  stm32f0xx_rcc.o(i.RCC_AHBPeriphClockCmd)
    i.RCC_APB1PeriphClockCmd                 0x08000d34   Section        0  stm32f0xx_rcc.o(i.RCC_APB1PeriphClockCmd)
    i.RCC_APB1PeriphResetCmd                 0x08000d54   Section        0  stm32f0xx_rcc.o(i.RCC_APB1PeriphResetCmd)
    i.RCC_APB2PeriphClockCmd                 0x08000d74   Section        0  stm32f0xx_rcc.o(i.RCC_APB2PeriphClockCmd)
    i.RCC_APB2PeriphResetCmd                 0x08000d94   Section        0  stm32f0xx_rcc.o(i.RCC_APB2PeriphResetCmd)
    i.ResetSoftTimer                         0x08000db4   Section        0  time.o(i.ResetSoftTimer)
    i.SVC_Handler                            0x08000dd8   Section        0  stm32f0xx_it.o(i.SVC_Handler)
    i.SetSysClock                            0x08000ddc   Section        0  system_stm32f0xx.o(i.SetSysClock)
    SetSysClock                              0x08000ddd   Thumb Code   126  system_stm32f0xx.o(i.SetSysClock)
    i.SetTimerTask                           0x08000e64   Section        0  time.o(i.SetTimerTask)
    i.SysTick_Handler                        0x08000ea0   Section        0  stm32f0xx_it.o(i.SysTick_Handler)
    i.SystemInit                             0x08000ea4   Section        0  system_stm32f0xx.o(i.SystemInit)
    i.TIM3_IRQHandler                        0x08000f20   Section        0  stm32f0xx_it.o(i.TIM3_IRQHandler)
    i.TIME_Configuration                     0x08000f40   Section        0  time.o(i.TIME_Configuration)
    i.TIM_ClearFlag                          0x08000f88   Section        0  stm32f0xx_tim.o(i.TIM_ClearFlag)
    i.TIM_Cmd                                0x08000f90   Section        0  stm32f0xx_tim.o(i.TIM_Cmd)
    i.TIM_DeInit                             0x08000fac   Section        0  stm32f0xx_tim.o(i.TIM_DeInit)
    i.TIM_GetFlagStatus                      0x08001094   Section        0  stm32f0xx_tim.o(i.TIM_GetFlagStatus)
    i.TIM_ITConfig                           0x080010a8   Section        0  stm32f0xx_tim.o(i.TIM_ITConfig)
    i.TIM_TimeBaseInit                       0x080010bc   Section        0  stm32f0xx_tim.o(i.TIM_TimeBaseInit)
    i.TimerGotoSleep                         0x08001138   Section        0  time.o(i.TimerGotoSleep)
    i.TimerInit                              0x08001144   Section        0  time.o(i.TimerInit)
    i.TimerStart                             0x08001158   Section        0  time.o(i.TimerStart)
    i.TimerTasksDispatch                     0x08001164   Section        0  time.o(i.TimerTasksDispatch)
    i.TimerTasksInit                         0x080011b8   Section        0  time.o(i.TimerTasksInit)
    i.TimerTasks_CH_Init                     0x08001250   Section        0  time.o(i.TimerTasks_CH_Init)
    i.UpdataTimer                            0x08001294   Section        0  time.o(i.UpdataTimer)
    i.__scatterload_copy                     0x08001348   Section       14  handlers.o(i.__scatterload_copy)
    i.__scatterload_null                     0x08001356   Section        2  handlers.o(i.__scatterload_null)
    i.__scatterload_zeroinit                 0x08001358   Section       14  handlers.o(i.__scatterload_zeroinit)
    i.keilTimerTask                          0x08001368   Section        0  time.o(i.keilTimerTask)
    i.main                                   0x080013ac   Section        0  main.o(i.main)
    .data                                    0x20000000   Section        2  main.o(.data)
    .data                                    0x20000002   Section        8  key.o(.data)
    .data                                    0x2000000a   Section        2  time.o(.data)
    TimerRunning                             0x2000000a   Data           1  time.o(.data)
    .data                                    0x2000000c   Section        4  adc.o(.data)
    .data                                    0x20000010   Section        4  common.o(.data)
    g_ubMultiple_us                          0x20000010   Data           1  common.o(.data)
    g_uwMultiple_ms                          0x20000012   Data           2  common.o(.data)
    .data                                    0x20000014   Section        2  ld.o(.data)
    .bss                                     0x20000018   Section      100  time.o(.bss)
    TasksArray                               0x20000018   Data         100  time.o(.bss)
    STACK                                    0x20000080   Section     1024  startup_stm32f030x8.o(STACK)

    Global Symbols

    Symbol Name                              Value     Ov Type        Size  Object(Section)

    BuildAttributes$$THM_ISAv3M$S$PE$A:L22$X:L11$S22$IEEE1$IW$USESV6$~STKCKD$USESV7$~SHL$OSPACE$EBA8$MICROLIB$REQ8$PRES8$EABIv2 0x00000000   Number         0  anon$$obj.o ABSOLUTE
    __ARM_use_no_argv                        0x00000000   Number         0  main.o ABSOLUTE
    __cpp_initialize__aeabi_                  - Undefined Weak Reference
    __cxa_finalize                            - Undefined Weak Reference
    __decompress                              - Undefined Weak Reference
    _clock_init                               - Undefined Weak Reference
    _microlib_exit                            - Undefined Weak Reference
    __Vectors_Size                           0x000000c0   Number         0  startup_stm32f030x8.o ABSOLUTE
    __Vectors                                0x08000000   Data           4  startup_stm32f030x8.o(RESET)
    __Vectors_End                            0x080000c0   Data           0  startup_stm32f030x8.o(RESET)
    __main                                   0x080000c1   Thumb Code     0  entry.o(.ARM.Collect$$$$00000000)
    _main_stk                                0x080000c1   Thumb Code     0  entry2.o(.ARM.Collect$$$$00000001)
    _main_scatterload                        0x080000c5   Thumb Code     0  entry5.o(.ARM.Collect$$$$00000004)
    __main_after_scatterload                 0x080000c9   Thumb Code     0  entry5.o(.ARM.Collect$$$$00000004)
    _main_clock                              0x080000c9   Thumb Code     0  entry7b.o(.ARM.Collect$$$$00000008)
    _main_cpp_init                           0x080000c9   Thumb Code     0  entry8b.o(.ARM.Collect$$$$0000000A)
    _main_init                               0x080000c9   Thumb Code     0  entry9a.o(.ARM.Collect$$$$0000000B)
    __rt_final_cpp                           0x080000d1   Thumb Code     0  entry10a.o(.ARM.Collect$$$$0000000D)
    __rt_final_exit                          0x080000d1   Thumb Code     0  entry11a.o(.ARM.Collect$$$$0000000F)
    Reset_Handler                            0x080000d5   Thumb Code     8  startup_stm32f030x8.o(.text)
    ADC1_COMP_IRQHandler                     0x080000e7   Thumb Code     0  startup_stm32f030x8.o(.text)
    CEC_IRQHandler                           0x080000e7   Thumb Code     0  startup_stm32f030x8.o(.text)
    DMA1_Channel1_IRQHandler                 0x080000e7   Thumb Code     0  startup_stm32f030x8.o(.text)
    DMA1_Channel2_3_IRQHandler               0x080000e7   Thumb Code     0  startup_stm32f030x8.o(.text)
    DMA1_Channel4_5_IRQHandler               0x080000e7   Thumb Code     0  startup_stm32f030x8.o(.text)
    EXTI0_1_IRQHandler                       0x080000e7   Thumb Code     0  startup_stm32f030x8.o(.text)
    EXTI2_3_IRQHandler                       0x080000e7   Thumb Code     0  startup_stm32f030x8.o(.text)
    EXTI4_15_IRQHandler                      0x080000e7   Thumb Code     0  startup_stm32f030x8.o(.text)
    FLASH_IRQHandler                         0x080000e7   Thumb Code     0  startup_stm32f030x8.o(.text)
    I2C1_IRQHandler                          0x080000e7   Thumb Code     0  startup_stm32f030x8.o(.text)
    I2C2_IRQHandler                          0x080000e7   Thumb Code     0  startup_stm32f030x8.o(.text)
    PVD_IRQHandler                           0x080000e7   Thumb Code     0  startup_stm32f030x8.o(.text)
    RCC_IRQHandler                           0x080000e7   Thumb Code     0  startup_stm32f030x8.o(.text)
    RTC_IRQHandler                           0x080000e7   Thumb Code     0  startup_stm32f030x8.o(.text)
    SPI1_IRQHandler                          0x080000e7   Thumb Code     0  startup_stm32f030x8.o(.text)
    SPI2_IRQHandler                          0x080000e7   Thumb Code     0  startup_stm32f030x8.o(.text)
    TIM14_IRQHandler                         0x080000e7   Thumb Code     0  startup_stm32f030x8.o(.text)
    TIM15_IRQHandler                         0x080000e7   Thumb Code     0  startup_stm32f030x8.o(.text)
    TIM16_IRQHandler                         0x080000e7   Thumb Code     0  startup_stm32f030x8.o(.text)
    TIM17_IRQHandler                         0x080000e7   Thumb Code     0  startup_stm32f030x8.o(.text)
    TIM1_BRK_UP_TRG_COM_IRQHandler           0x080000e7   Thumb Code     0  startup_stm32f030x8.o(.text)
    TIM1_CC_IRQHandler                       0x080000e7   Thumb Code     0  startup_stm32f030x8.o(.text)
    TIM2_IRQHandler                          0x080000e7   Thumb Code     0  startup_stm32f030x8.o(.text)
    TIM6_DAC_IRQHandler                      0x080000e7   Thumb Code     0  startup_stm32f030x8.o(.text)
    TS_IRQHandler                            0x080000e7   Thumb Code     0  startup_stm32f030x8.o(.text)
    USART1_IRQHandler                        0x080000e7   Thumb Code     0  startup_stm32f030x8.o(.text)
    USART2_IRQHandler                        0x080000e7   Thumb Code     0  startup_stm32f030x8.o(.text)
    WWDG_IRQHandler                          0x080000e7   Thumb Code     0  startup_stm32f030x8.o(.text)
    __aeabi_uidiv                            0x080000f1   Thumb Code     0  uidiv.o(.text)
    __aeabi_uidivmod                         0x080000f1   Thumb Code    44  uidiv.o(.text)
    __aeabi_idiv                             0x0800011d   Thumb Code     0  idiv.o(.text)
    __aeabi_idivmod                          0x0800011d   Thumb Code    40  idiv.o(.text)
    __scatterload                            0x08000145   Thumb Code    28  init.o(.text)
    __scatterload_rt2                        0x08000145   Thumb Code     0  init.o(.text)
    ADC_ChannelConfig                        0x08000169   Thumb Code    24  stm32f0xx_adc.o(i.ADC_ChannelConfig)
    ADC_Cmd                                  0x08000181   Thumb Code    24  stm32f0xx_adc.o(i.ADC_Cmd)
    ADC_Configuration                        0x08000199   Thumb Code    90  adc.o(i.ADC_Configuration)
    ADC_DeInit                               0x08000201   Thumb Code    28  stm32f0xx_adc.o(i.ADC_DeInit)
    ADC_GPIO_INIT                            0x08000221   Thumb Code    30  adc.o(i.ADC_GPIO_INIT)
    ADC_GetCalibrationFactor                 0x0800023f   Thumb Code    60  stm32f0xx_adc.o(i.ADC_GetCalibrationFactor)
    ADC_GetConversionValue                   0x0800027b   Thumb Code     8  stm32f0xx_adc.o(i.ADC_GetConversionValue)
    ADC_GetFlagStatus                        0x08000283   Thumb Code    48  stm32f0xx_adc.o(i.ADC_GetFlagStatus)
    ADC_Init                                 0x080002b5   Thumb Code    40  stm32f0xx_adc.o(i.ADC_Init)
    ADC_StartOfConversion                    0x080002e1   Thumb Code    10  stm32f0xx_adc.o(i.ADC_StartOfConversion)
    ADC_StructInit                           0x080002eb   Thumb Code    16  stm32f0xx_adc.o(i.ADC_StructInit)
    ADC_Test                                 0x080002fd   Thumb Code   122  adc.o(i.ADC_Test)
    ChargingProcessManagement                0x08000389   Thumb Code   268  adc.o(i.ChargingProcessManagement)
    Delay_Init                               0x080004a9   Thumb Code    28  common.o(i.Delay_Init)
    Delay_ms                                 0x080004d1   Thumb Code    66  common.o(i.Delay_ms)
    GPIO_Configuration                       0x0800051d   Thumb Code   374  key.o(i.GPIO_Configuration)
    GPIO_Init                                0x080006a5   Thumb Code   144  stm32f0xx_gpio.o(i.GPIO_Init)
    GPIO_ReadInputDataBit                    0x08000735   Thumb Code    20  stm32f0xx_gpio.o(i.GPIO_ReadInputDataBit)
    GPIO_ResetBits                           0x08000749   Thumb Code     4  stm32f0xx_gpio.o(i.GPIO_ResetBits)
    GPIO_SetBits                             0x0800074d   Thumb Code     4  stm32f0xx_gpio.o(i.GPIO_SetBits)
    GPIO_WriteBit                            0x08000751   Thumb Code    12  stm32f0xx_gpio.o(i.GPIO_WriteBit)
    Get_Adc                                  0x0800075d   Thumb Code    48  adc.o(i.Get_Adc)
    HardFault_Handler                        0x08000791   Thumb Code     4  stm32f0xx_it.o(i.HardFault_Handler)
    KeysScan                                 0x08000795   Thumb Code   288  key.o(i.KeysScan)
    LD_PWM                                   0x080008cd   Thumb Code   258  ld.o(i.LD_PWM)
    LD_PWM_PULSE                             0x080009e9   Thumb Code   260  ld.o(i.LD_PWM_PULSE)
    LP_RESET                                 0x08000b05   Thumb Code   194  key.o(i.LP_RESET)
    Lock                                     0x08000bd9   Thumb Code   114  key.o(i.Lock)
    NMI_Handler                              0x08000c51   Thumb Code     2  stm32f0xx_it.o(i.NMI_Handler)
    NVIC_Init                                0x08000c55   Thumb Code   106  stm32f0xx_misc.o(i.NVIC_Init)
    NVIC_TIME_Configuration                  0x08000cc5   Thumb Code    22  time.o(i.NVIC_TIME_Configuration)
    PendSV_Handler                           0x08000cdb   Thumb Code     2  stm32f0xx_it.o(i.PendSV_Handler)
    RCC_ADCCLKConfig                         0x08000cdd   Thumb Code    52  stm32f0xx_rcc.o(i.RCC_ADCCLKConfig)
    RCC_AHBPeriphClockCmd                    0x08000d15   Thumb Code    28  stm32f0xx_rcc.o(i.RCC_AHBPeriphClockCmd)
    RCC_APB1PeriphClockCmd                   0x08000d35   Thumb Code    28  stm32f0xx_rcc.o(i.RCC_APB1PeriphClockCmd)
    RCC_APB1PeriphResetCmd                   0x08000d55   Thumb Code    28  stm32f0xx_rcc.o(i.RCC_APB1PeriphResetCmd)
    RCC_APB2PeriphClockCmd                   0x08000d75   Thumb Code    28  stm32f0xx_rcc.o(i.RCC_APB2PeriphClockCmd)
    RCC_APB2PeriphResetCmd                   0x08000d95   Thumb Code    28  stm32f0xx_rcc.o(i.RCC_APB2PeriphResetCmd)
    ResetSoftTimer                           0x08000db5   Thumb Code    32  time.o(i.ResetSoftTimer)
    SVC_Handler                              0x08000dd9   Thumb Code     2  stm32f0xx_it.o(i.SVC_Handler)
    SetTimerTask                             0x08000e65   Thumb Code    56  time.o(i.SetTimerTask)
    SysTick_Handler                          0x08000ea1   Thumb Code     2  stm32f0xx_it.o(i.SysTick_Handler)
    SystemInit                               0x08000ea5   Thumb Code   110  system_stm32f0xx.o(i.SystemInit)
    TIM3_IRQHandler                          0x08000f21   Thumb Code    28  stm32f0xx_it.o(i.TIM3_IRQHandler)
    TIME_Configuration                       0x08000f41   Thumb Code    68  time.o(i.TIME_Configuration)
    TIM_ClearFlag                            0x08000f89   Thumb Code     6  stm32f0xx_tim.o(i.TIM_ClearFlag)
    TIM_Cmd                                  0x08000f91   Thumb Code    24  stm32f0xx_tim.o(i.TIM_Cmd)
    TIM_DeInit                               0x08000fad   Thumb Code   204  stm32f0xx_tim.o(i.TIM_DeInit)
    TIM_GetFlagStatus                        0x08001095   Thumb Code    20  stm32f0xx_tim.o(i.TIM_GetFlagStatus)
    TIM_ITConfig                             0x080010a9   Thumb Code    20  stm32f0xx_tim.o(i.TIM_ITConfig)
    TIM_TimeBaseInit                         0x080010bd   Thumb Code    90  stm32f0xx_tim.o(i.TIM_TimeBaseInit)
    TimerGotoSleep                           0x08001139   Thumb Code     8  time.o(i.TimerGotoSleep)
    TimerInit                                0x08001145   Thumb Code    20  time.o(i.TimerInit)
    TimerStart                               0x08001159   Thumb Code     8  time.o(i.TimerStart)
    TimerTasksDispatch                       0x08001165   Thumb Code    80  time.o(i.TimerTasksDispatch)
    TimerTasksInit                           0x080011b9   Thumb Code   114  time.o(i.TimerTasksInit)
    TimerTasks_CH_Init                       0x08001251   Thumb Code    50  time.o(i.TimerTasks_CH_Init)
    UpdataTimer                              0x08001295   Thumb Code   170  time.o(i.UpdataTimer)
    __scatterload_copy                       0x08001349   Thumb Code    14  handlers.o(i.__scatterload_copy)
    __scatterload_null                       0x08001357   Thumb Code     2  handlers.o(i.__scatterload_null)
    __scatterload_zeroinit                   0x08001359   Thumb Code    14  handlers.o(i.__scatterload_zeroinit)
    keilTimerTask                            0x08001369   Thumb Code    64  time.o(i.keilTimerTask)
    main                                     0x080013ad   Thumb Code   456  main.o(i.main)
    Region$$Table$$Base                      0x0800158c   Number         0  anon$$obj.o(Region$$Table)
    Region$$Table$$Limit                     0x080015ac   Number         0  anon$$obj.o(Region$$Table)
    LD_Mode                                  0x20000000   Data           1  main.o(.data)
    LD_PULSE                                 0x20000001   Data           1  main.o(.data)
    Keys_Now                                 0x20000002   Data           1  key.o(.data)
    Keys_Data                                0x20000003   Data           1  key.o(.data)
    LED_LOCK                                 0x20000004   Data           1  key.o(.data)
    LED_LOCK_EN                              0x20000005   Data           1  key.o(.data)
    NUM_RESET                                0x20000006   Data           1  key.o(.data)
    Key_Delay                                0x20000008   Data           2  key.o(.data)
    Time_Init                                0x2000000b   Data           1  time.o(.data)
    ChargingStatus                           0x2000000c   Data           1  adc.o(.data)
    LED_PWM                                  0x2000000d   Data           1  adc.o(.data)
    ADC_NUM                                  0x2000000e   Data           1  adc.o(.data)
    ADC_Colour                               0x2000000f   Data           1  adc.o(.data)
    LD_PWM_10K                               0x20000014   Data           1  ld.o(.data)
    LD_PWM_7K                                0x20000015   Data           1  ld.o(.data)
    __initial_sp                             0x20000480   Data           0  startup_stm32f030x8.o(STACK)



==============================================================================

Memory Map of the image

  Image Entry point : 0x080000c1

  Load Region LR_IROM1 (Base: 0x08000000, Size: 0x000015c4, Max: 0x00010000, ABSOLUTE)

    Execution Region ER_IROM1 (Base: 0x08000000, Size: 0x000015ac, Max: 0x00010000, ABSOLUTE)

    Base Addr    Size         Type   Attr      Idx    E Section Name        Object

    0x08000000   0x000000c0   Data   RO            3    RESET               startup_stm32f030x8.o
    0x080000c0   0x00000000   Code   RO         1584  * .ARM.Collect$$$$00000000  mc_p.l(entry.o)
    0x080000c0   0x00000004   Code   RO         1591    .ARM.Collect$$$$00000001  mc_p.l(entry2.o)
    0x080000c4   0x00000004   Code   RO         1594    .ARM.Collect$$$$00000004  mc_p.l(entry5.o)
    0x080000c8   0x00000000   Code   RO         1596    .ARM.Collect$$$$00000008  mc_p.l(entry7b.o)
    0x080000c8   0x00000000   Code   RO         1598    .ARM.Collect$$$$0000000A  mc_p.l(entry8b.o)
    0x080000c8   0x00000008   Code   RO         1599    .ARM.Collect$$$$0000000B  mc_p.l(entry9a.o)
    0x080000d0   0x00000000   Code   RO         1601    .ARM.Collect$$$$0000000D  mc_p.l(entry10a.o)
    0x080000d0   0x00000000   Code   RO         1603    .ARM.Collect$$$$0000000F  mc_p.l(entry11a.o)
    0x080000d0   0x00000004   Code   RO         1592    .ARM.Collect$$$$00002712  mc_p.l(entry2.o)
    0x080000d4   0x0000001c   Code   RO            4    .text               startup_stm32f030x8.o
    0x080000f0   0x0000002c   Code   RO         1587    .text               mc_p.l(uidiv.o)
    0x0800011c   0x00000028   Code   RO         1589    .text               mc_p.l(idiv.o)
    0x08000144   0x00000024   Code   RO         1605    .text               mc_p.l(init.o)
    0x08000168   0x00000018   Code   RO          997    i.ADC_ChannelConfig  stm32f0xx_adc.o
    0x08000180   0x00000018   Code   RO         1000    i.ADC_Cmd           stm32f0xx_adc.o
    0x08000198   0x00000068   Code   RO         1466    i.ADC_Configuration  adc.o
    0x08000200   0x00000020   Code   RO         1004    i.ADC_DeInit        stm32f0xx_adc.o
    0x08000220   0x0000001e   Code   RO         1467    i.ADC_GPIO_INIT     adc.o
    0x0800023e   0x0000003c   Code   RO         1006    i.ADC_GetCalibrationFactor  stm32f0xx_adc.o
    0x0800027a   0x00000008   Code   RO         1007    i.ADC_GetConversionValue  stm32f0xx_adc.o
    0x08000282   0x00000030   Code   RO         1008    i.ADC_GetFlagStatus  stm32f0xx_adc.o
    0x080002b2   0x00000002   PAD
    0x080002b4   0x0000002c   Code   RO         1011    i.ADC_Init          stm32f0xx_adc.o
    0x080002e0   0x0000000a   Code   RO         1014    i.ADC_StartOfConversion  stm32f0xx_adc.o
    0x080002ea   0x00000010   Code   RO         1016    i.ADC_StructInit    stm32f0xx_adc.o
    0x080002fa   0x00000002   PAD
    0x080002fc   0x0000008c   Code   RO         1468    i.ADC_Test          adc.o
    0x08000388   0x00000120   Code   RO         1469    i.ChargingProcessManagement  adc.o
    0x080004a8   0x00000028   Code   RO         1514    i.Delay_Init        common.o
    0x080004d0   0x0000004c   Code   RO         1515    i.Delay_ms          common.o
    0x0800051c   0x00000188   Code   RO         1280    i.GPIO_Configuration  key.o
    0x080006a4   0x00000090   Code   RO           13    i.GPIO_Init         stm32f0xx_gpio.o
    0x08000734   0x00000014   Code   RO           17    i.GPIO_ReadInputDataBit  stm32f0xx_gpio.o
    0x08000748   0x00000004   Code   RO           20    i.GPIO_ResetBits    stm32f0xx_gpio.o
    0x0800074c   0x00000004   Code   RO           21    i.GPIO_SetBits      stm32f0xx_gpio.o
    0x08000750   0x0000000c   Code   RO           24    i.GPIO_WriteBit     stm32f0xx_gpio.o
    0x0800075c   0x00000034   Code   RO         1470    i.Get_Adc           adc.o
    0x08000790   0x00000004   Code   RO         1223    i.HardFault_Handler  stm32f0xx_it.o
    0x08000794   0x00000138   Code   RO         1281    i.KeysScan          key.o
    0x080008cc   0x0000011c   Code   RO         1553    i.LD_PWM            ld.o
    0x080009e8   0x0000011c   Code   RO         1554    i.LD_PWM_PULSE      ld.o
    0x08000b04   0x000000d4   Code   RO         1282    i.LP_RESET          key.o
    0x08000bd8   0x00000078   Code   RO         1283    i.Lock              key.o
    0x08000c50   0x00000002   Code   RO         1224    i.NMI_Handler       stm32f0xx_it.o
    0x08000c52   0x00000002   PAD
    0x08000c54   0x00000070   Code   RO          392    i.NVIC_Init         stm32f0xx_misc.o
    0x08000cc4   0x00000016   Code   RO         1325    i.NVIC_TIME_Configuration  time.o
    0x08000cda   0x00000002   Code   RO         1225    i.PendSV_Handler    stm32f0xx_it.o
    0x08000cdc   0x00000038   Code   RO          142    i.RCC_ADCCLKConfig  stm32f0xx_rcc.o
    0x08000d14   0x00000020   Code   RO          143    i.RCC_AHBPeriphClockCmd  stm32f0xx_rcc.o
    0x08000d34   0x00000020   Code   RO          145    i.RCC_APB1PeriphClockCmd  stm32f0xx_rcc.o
    0x08000d54   0x00000020   Code   RO          146    i.RCC_APB1PeriphResetCmd  stm32f0xx_rcc.o
    0x08000d74   0x00000020   Code   RO          147    i.RCC_APB2PeriphClockCmd  stm32f0xx_rcc.o
    0x08000d94   0x00000020   Code   RO          148    i.RCC_APB2PeriphResetCmd  stm32f0xx_rcc.o
    0x08000db4   0x00000024   Code   RO         1326    i.ResetSoftTimer    time.o
    0x08000dd8   0x00000002   Code   RO         1226    i.SVC_Handler       stm32f0xx_it.o
    0x08000dda   0x00000002   PAD
    0x08000ddc   0x00000088   Code   RO         1429    i.SetSysClock       system_stm32f0xx.o
    0x08000e64   0x0000003c   Code   RO         1327    i.SetTimerTask      time.o
    0x08000ea0   0x00000002   Code   RO         1227    i.SysTick_Handler   stm32f0xx_it.o
    0x08000ea2   0x00000002   PAD
    0x08000ea4   0x0000007c   Code   RO         1431    i.SystemInit        system_stm32f0xx.o
    0x08000f20   0x00000020   Code   RO         1228    i.TIM3_IRQHandler   stm32f0xx_it.o
    0x08000f40   0x00000048   Code   RO         1328    i.TIME_Configuration  time.o
    0x08000f88   0x00000006   Code   RO          434    i.TIM_ClearFlag     stm32f0xx_tim.o
    0x08000f8e   0x00000002   PAD
    0x08000f90   0x0000001c   Code   RO          440    i.TIM_Cmd           stm32f0xx_tim.o
    0x08000fac   0x000000e8   Code   RO          445    i.TIM_DeInit        stm32f0xx_tim.o
    0x08001094   0x00000014   Code   RO          460    i.TIM_GetFlagStatus  stm32f0xx_tim.o
    0x080010a8   0x00000014   Code   RO          465    i.TIM_ITConfig      stm32f0xx_tim.o
    0x080010bc   0x0000007c   Code   RO          513    i.TIM_TimeBaseInit  stm32f0xx_tim.o
    0x08001138   0x0000000c   Code   RO         1329    i.TimerGotoSleep    time.o
    0x08001144   0x00000014   Code   RO         1330    i.TimerInit         time.o
    0x08001158   0x0000000c   Code   RO         1332    i.TimerStart        time.o
    0x08001164   0x00000054   Code   RO         1333    i.TimerTasksDispatch  time.o
    0x080011b8   0x00000098   Code   RO         1334    i.TimerTasksInit    time.o
    0x08001250   0x00000044   Code   RO         1335    i.TimerTasks_CH_Init  time.o
    0x08001294   0x000000b4   Code   RO         1336    i.UpdataTimer       time.o
    0x08001348   0x0000000e   Code   RO         1609    i.__scatterload_copy  mc_p.l(handlers.o)
    0x08001356   0x00000002   Code   RO         1610    i.__scatterload_null  mc_p.l(handlers.o)
    0x08001358   0x0000000e   Code   RO         1611    i.__scatterload_zeroinit  mc_p.l(handlers.o)
    0x08001366   0x00000002   PAD
    0x08001368   0x00000044   Code   RO         1337    i.keilTimerTask     time.o
    0x080013ac   0x000001e0   Code   RO         1180    i.main              main.o
    0x0800158c   0x00000020   Data   RO         1607    Region$$Table       anon$$obj.o


    Execution Region RW_IRAM1 (Base: 0x20000000, Size: 0x00000480, Max: 0x00002000, ABSOLUTE)

    Base Addr    Size         Type   Attr      Idx    E Section Name        Object

    0x20000000   0x00000002   Data   RW         1181    .data               main.o
    0x20000002   0x00000008   Data   RW         1284    .data               key.o
    0x2000000a   0x00000002   Data   RW         1339    .data               time.o
    0x2000000c   0x00000004   Data   RW         1471    .data               adc.o
    0x20000010   0x00000004   Data   RW         1517    .data               common.o
    0x20000014   0x00000002   Data   RW         1555    .data               ld.o
    0x20000016   0x00000002   PAD
    0x20000018   0x00000064   Zero   RW         1338    .bss                time.o
    0x2000007c   0x00000004   PAD
    0x20000080   0x00000400   Zero   RW            1    STACK               startup_stm32f030x8.o


==============================================================================

Image component sizes


      Code (inc. data)   RO Data    RW Data    ZI Data      Debug   Object Name

       614         56          0          4          0       3201   adc.o
       116         22          0          4          0       1232   common.o
      1036         66          0          8          0       2820   key.o
       568         50          0          2          0       1355   ld.o
       480         24          0          2          0       2098   main.o
        28          8        192          0       1024        772   startup_stm32f030x8.o
       266          8          0          0          0       5879   stm32f0xx_adc.o
       184          0          0          0          0     124952   stm32f0xx_gpio.o
        44          4          0          0          0       2685   stm32f0xx_it.o
       112          6          0          0          0        952   stm32f0xx_misc.o
       216         24          0          0          0       3479   stm32f0xx_rcc.o
       430         66          0          0          0       4221   stm32f0xx_tim.o
       260         24          0          0          0       1401   system_stm32f0xx.o
       786         94          0          2        100       6806   time.o

    ----------------------------------------------------------------------
      5152        452        224         24       1128     161853   Object Totals
         0          0         32          0          0          0   (incl. Generated)
        12          0          0          2          4          0   (incl. Padding)

    ----------------------------------------------------------------------

      Code (inc. data)   RO Data    RW Data    ZI Data      Debug   Library Member Name

         0          0          0          0          0          0   entry.o
         0          0          0          0          0          0   entry10a.o
         0          0          0          0          0          0   entry11a.o
         8          4          0          0          0          0   entry2.o
         4          0          0          0          0          0   entry5.o
         0          0          0          0          0          0   entry7b.o
         0          0          0          0          0          0   entry8b.o
         8          4          0          0          0          0   entry9a.o
        30          0          0          0          0          0   handlers.o
        40          0          0          0          0         72   idiv.o
        36          8          0          0          0         68   init.o
        44          0          0          0          0         72   uidiv.o

    ----------------------------------------------------------------------
       172         16          0          0          0        212   Library Totals
         2          0          0          0          0          0   (incl. Padding)

    ----------------------------------------------------------------------

      Code (inc. data)   RO Data    RW Data    ZI Data      Debug   Library Name

       170         16          0          0          0        212   mc_p.l

    ----------------------------------------------------------------------
       172         16          0          0          0        212   Library Totals

    ----------------------------------------------------------------------

==============================================================================


      Code (inc. data)   RO Data    RW Data    ZI Data      Debug   

      5324        468        224         24       1128     159665   Grand Totals
      5324        468        224         24       1128     159665   ELF Image Totals
      5324        468        224         24          0          0   ROM Totals

==============================================================================

    Total RO  Size (Code + RO Data)                 5548 (   5.42kB)
    Total RW  Size (RW Data + ZI Data)              1152 (   1.13kB)
    Total ROM Size (Code + RO Data + RW Data)       5572 (   5.44kB)

==============================================================================

